Archive member included to satisfy reference by file (symbol)

target/i386-unknown-none/release/libbootloader_bios.a(bootloader_bios-8a337c7b0be00d55.bootloader_bios.32ad56f36f671438-cgu.0.rcgu.o)
                              build/stage2.o (kmain)
target/i386-unknown-none/release/libbootloader_bios.a(compiler_builtins-c07007cb7ae57f29.compiler_builtins.9b5bff7562c610fb-cgu.07.rcgu.o)
                              target/i386-unknown-none/release/libbootloader_bios.a(bootloader_bios-8a337c7b0be00d55.bootloader_bios.32ad56f36f671438-cgu.0.rcgu.o) (memset)
target/i386-unknown-none/release/libbootloader_bios.a(compiler_builtins-c07007cb7ae57f29.compiler_builtins.9b5bff7562c610fb-cgu.08.rcgu.o)
                              target/i386-unknown-none/release/libbootloader_bios.a(compiler_builtins-c07007cb7ae57f29.compiler_builtins.9b5bff7562c610fb-cgu.07.rcgu.o) (__eqdf2)
target/i386-unknown-none/release/libbootloader_bios.a(compiler_builtins-c07007cb7ae57f29.compiler_builtins.9b5bff7562c610fb-cgu.09.rcgu.o)
                              target/i386-unknown-none/release/libbootloader_bios.a(compiler_builtins-c07007cb7ae57f29.compiler_builtins.9b5bff7562c610fb-cgu.07.rcgu.o) (__adddf3)
target/i386-unknown-none/release/libbootloader_bios.a(compiler_builtins-c07007cb7ae57f29.compiler_builtins.9b5bff7562c610fb-cgu.10.rcgu.o)
                              target/i386-unknown-none/release/libbootloader_bios.a(compiler_builtins-c07007cb7ae57f29.compiler_builtins.9b5bff7562c610fb-cgu.09.rcgu.o) (compiler_builtins::math::full_availability::cbrtf)
target/i386-unknown-none/release/libbootloader_bios.a(compiler_builtins-c07007cb7ae57f29.compiler_builtins.9b5bff7562c610fb-cgu.11.rcgu.o)
                              target/i386-unknown-none/release/libbootloader_bios.a(compiler_builtins-c07007cb7ae57f29.compiler_builtins.9b5bff7562c610fb-cgu.07.rcgu.o) (__divsf3)
target/i386-unknown-none/release/libbootloader_bios.a(compiler_builtins-c07007cb7ae57f29.compiler_builtins.9b5bff7562c610fb-cgu.12.rcgu.o)
                              target/i386-unknown-none/release/libbootloader_bios.a(compiler_builtins-c07007cb7ae57f29.compiler_builtins.9b5bff7562c610fb-cgu.10.rcgu.o) (__ledf2)
target/i386-unknown-none/release/libbootloader_bios.a(compiler_builtins-c07007cb7ae57f29.compiler_builtins.9b5bff7562c610fb-cgu.13.rcgu.o)
                              target/i386-unknown-none/release/libbootloader_bios.a(compiler_builtins-c07007cb7ae57f29.compiler_builtins.9b5bff7562c610fb-cgu.07.rcgu.o) (compiler_builtins::math::libm_math::fma::fma)
target/i386-unknown-none/release/libbootloader_bios.a(compiler_builtins-c07007cb7ae57f29.compiler_builtins.9b5bff7562c610fb-cgu.14.rcgu.o)
                              target/i386-unknown-none/release/libbootloader_bios.a(compiler_builtins-c07007cb7ae57f29.compiler_builtins.9b5bff7562c610fb-cgu.07.rcgu.o) (__addsf3)
target/i386-unknown-none/release/libbootloader_bios.a(compiler_builtins-c07007cb7ae57f29.compiler_builtins.9b5bff7562c610fb-cgu.15.rcgu.o)
                              target/i386-unknown-none/release/libbootloader_bios.a(compiler_builtins-c07007cb7ae57f29.compiler_builtins.9b5bff7562c610fb-cgu.14.rcgu.o) (compiler_builtins::math::libm_math::generic::fmod::reduction::<f128>)
target/i386-unknown-none/release/libbootloader_bios.a(compiler_builtins-c07007cb7ae57f29.compiler_builtins.9b5bff7562c610fb-cgu.00.rcgu.o)
                              target/i386-unknown-none/release/libbootloader_bios.a(compiler_builtins-c07007cb7ae57f29.compiler_builtins.9b5bff7562c610fb-cgu.08.rcgu.o) (compiler_builtins::float::div::div::<f128>)
target/i386-unknown-none/release/libbootloader_bios.a(compiler_builtins-c07007cb7ae57f29.compiler_builtins.9b5bff7562c610fb-cgu.01.rcgu.o)
                              target/i386-unknown-none/release/libbootloader_bios.a(compiler_builtins-c07007cb7ae57f29.compiler_builtins.9b5bff7562c610fb-cgu.07.rcgu.o) (compiler_builtins::float::add::add::<f16>)
target/i386-unknown-none/release/libbootloader_bios.a(compiler_builtins-c07007cb7ae57f29.compiler_builtins.9b5bff7562c610fb-cgu.03.rcgu.o)
                              target/i386-unknown-none/release/libbootloader_bios.a(compiler_builtins-c07007cb7ae57f29.compiler_builtins.9b5bff7562c610fb-cgu.15.rcgu.o) (compiler_builtins::float::mul::mul::<f16>)
target/i386-unknown-none/release/libbootloader_bios.a(compiler_builtins-c07007cb7ae57f29.compiler_builtins.9b5bff7562c610fb-cgu.04.rcgu.o)
                              target/i386-unknown-none/release/libbootloader_bios.a(compiler_builtins-c07007cb7ae57f29.compiler_builtins.9b5bff7562c610fb-cgu.07.rcgu.o) (compiler_builtins::math::libm_math::support::modular::linear_mul_reduction::<u32>)
target/i386-unknown-none/release/libbootloader_bios.a(compiler_builtins-c07007cb7ae57f29.compiler_builtins.9b5bff7562c610fb-cgu.06.rcgu.o)
[...]
Memory Configuration

Name             Origin             Length             Attributes
*default*        0x00000000         0xffffffff

Linker script and memory map

                0x00008000                        . = 0x8000

.text           0x00008000    0x1d8d9
 *(.entry)
 .entry         0x00008000       0xb8 build/stage2.o
                0x00008000                entry
                0x0000807c                bios_read_sector
 *(.text .text.*)
 .text          0x000080b8        0x0 target/i386-unknown-none/release/libbootloader_bios.a(bootloader_bios-8a337c7b0be00d55.bootloader_bios.32ad56f36f671438-cgu.0.rcgu.o)
 *fill*         0x000080b8        0x8 
 .text._RNvCsd6alR32szd9_7___rustc17rust_begin_unwind
                0x000080c0        0x2 target/i386-unknown-none/release/libbootloader_bios.a(bootloader_bios-8a337c7b0be00d55.bootloader_bios.32ad56f36f671438-cgu.0.rcgu.o)
                0x000080c0                __rustc::rust_begin_unwind
 *fill*         0x000080c2        0xe 
 .text.kmain    0x000080d0       0xf2 target/i386-unknown-none/release/libbootloader_bios.a(bootloader_bios-8a337c7b0be00d55.bootloader_bios.32ad56f36f671438-cgu.0.rcgu.o)
                0x000080d0                kmain
 *fill*         0x000081c2        0xe 
 .text.locate_kernel
                0x000081d0      0x2cb target/i386-unknown-none/release/libbootloader_bios.a(bootloader_bios-8a337c7b0be00d55.bootloader_bios.32ad56f36f671438-cgu.0.rcgu.o)
                0x000081d0                locate_kernel
 *fill*         0x0000849b        0x1 
 .text          0x0000849c        0x0 target/i386-unknown-none/release/libbootloader_bios.a(compiler_builtins-c07007cb7ae57f29.compiler_builtins.9b5bff7562c610fb-cgu.07.rcgu.o)
 *fill*         0x0000849c        0x4 
 .text._RINvNtNtCsdkYp4iRiNWF_17compiler_builtins5float3cmp3cmpC3f16EB6_
                0x000084a0       0x61 target/i386-unknown-none/release/libbootloader_bios.a(compiler_builtins-c07007cb7ae57f29.compiler_builtins.9b5bff7562c610fb-cgu.07.rcgu.o)
                0x000084a0                compiler_builtins::float::cmp::cmp::<f16>
 *fill*         0x00008501        0xf 
 .text._RINvNtNtCsdkYp4iRiNWF_17compiler_builtins5float3cmp3cmpC4f128EB6_
                0x00008510       0xe2 target/i386-unknown-none/release/libbootloader_bios.a(compiler_builtins-c07007cb7ae57f29.compiler_builtins.9b5bff7562c610fb-cgu.07.rcgu.o)
                0x00008510                compiler_builtins::float::cmp::cmp::<f128>
 *fill*         0x000085f2        0xe 
 .text._RINvNtNtCsdkYp4iRiNWF_17compiler_builtins5float3cmp5unordC3f16EB6_
                0x00008600       0x29 target/i386-unknown-none/release/libbootloader_bios.a(compiler_builtins-c07007cb7ae57f29.compiler_builtins.9b5bff7562c610fb-cgu.07.rcgu.o)
                0x00008600                compiler_builtins::float::cmp::unord::<f16>
 *fill*         0x00008629        0x7 
 .text._RINvNtNtCsdkYp4iRiNWF_17compiler_builtins5float3cmp5unordC4f128EB6_
                0x00008630       0x59 target/i386-unknown-none/release/libbootloader_bios.a(compiler_builtins-c07007cb7ae57f29.compiler_builtins.9b5bff7562c610fb-cgu.07.rcgu.o)
                0x00008630                compiler_builtins::float::cmp::unord::<f128>
 *fill*         0x00008689        0x7 
 .text._RNvNtNtCsdkYp4iRiNWF_17compiler_builtins3int14trailing_zeros8___ctzdi2
                0x00008690       0x89 target/i386-unknown-none/release/libbootloader_bios.a(compiler_builtins-c07007cb7ae57f29.compiler_builtins.9b5bff7562c610fb-cgu.07.rcgu.o)
                0x00008690                compiler_builtins::int::trailing_zeros::__ctzdi2
 *fill*         0x00008719        0x7 
 .text._RNvNtNtCsdkYp4iRiNWF_17compiler_builtins3int14trailing_zeros8___ctzsi2
                0x00008720       0x6e target/i386-unknown-none/release/libbootloader_bios.a(compiler_builtins-c07007cb7ae57f29.compiler_builtins.9b5bff7562c610fb-cgu.07.rcgu.o)
                0x00008720                compiler_builtins::int::trailing_zeros::__ctzsi2
 *fill*         0x0000878e        0x2 
 .text._RNvNtNtCsdkYp4iRiNWF_17compiler_builtins3int14trailing_zeros8___ctzti2
                0x00008790      0x13d target/i386-unknown-none/release/libbootloader_bios.a(compiler_builtins-c07007cb7ae57f29.compiler_builtins.9b5bff7562c610fb-cgu.07.rcgu.o)
                0x00008790                compiler_builtins::int::trailing_zeros::__ctzti2
 *fill*         0x000088cd        0x3 
 .text._RNvNtNtCsdkYp4iRiNWF_17compiler_builtins5float3cmp10___unorddf2
                0x000088d0       0x3c target/i386-unknown-none/release/libbootloader_bios.a(compiler_builtins-c07007cb7ae57f29.compiler_builtins.9b5bff7562c610fb-cgu.07.rcgu.o)
                0x000088d0                compiler_builtins::float::cmp::__unorddf2
 *fill*         0x0000890c        0x4 
 .text._RNvNtNtCsdkYp4iRiNWF_17compiler_builtins5float3cmp10___unordsf2
                0x00008910       0x29 target/i386-unknown-none/release/libbootloader_bios.a(compiler_builtins-c07007cb7ae57f29.compiler_builtins.9b5bff7562c610fb-cgu.07.rcgu.o)
                0x00008910                compiler_builtins::float::cmp::__unordsf2
 *fill*         0x00008939        0x7 
 .text._RNvNtNtCsdkYp4iRiNWF_17compiler_builtins5float3cmp7___eqdf2
                0x00008940       0x8a target/i386-unknown-none/release/libbootloader_bios.a(compiler_builtins-c07007cb7ae57f29.compiler_builtins.9b5bff7562c610fb-cgu.07.rcgu.o)
                0x00008940                compiler_builtins::float::cmp::__eqdf2
                0x00008940                compiler_builtins::float::cmp::__nedf2
                0x00008940                compiler_builtins::float::cmp::__ledf2
                0x00008940                compiler_builtins::float::cmp::__ltdf2
 *fill*         0x000089ca        0x6 
 .text._RNvNtNtCsdkYp4iRiNWF_17compiler_builtins5float3cmp7___eqsf2
                0x000089d0       0x5b target/i386-unknown-none/release/libbootloader_bios.a(compiler_builtins-c07007cb7ae57f29.compiler_builtins.9b5bff7562c610fb-cgu.07.rcgu.o)
                0x000089d0                compiler_builtins::float::cmp::__eqsf2
                0x000089d0                compiler_builtins::float::cmp::__nesf2
                0x000089d0                compiler_builtins::float::cmp::__lesf2
                0x000089d0                compiler_builtins::float::cmp::__ltsf2
 *fill*         0x00008a2b        0x5 
 .text._RNvNtNtCsdkYp4iRiNWF_17compiler_builtins5float3cmp7___gedf2
                0x00008a30       0x7f target/i386-unknown-none/release/libbootloader_bios.a(compiler_builtins-c07007cb7ae57f29.compiler_builtins.9b5bff7562c610fb-cgu.07.rcgu.o)
                0x00008a30                compiler_builtins::float::cmp::__gedf2
                0x00008a30                compiler_builtins::float::cmp::__gtdf2
 *fill*         0x00008aaf        0x1 
 .text._RNvNtNtCsdkYp4iRiNWF_17compiler_builtins5float3cmp7___gesf2
                0x00008ab0       0x56 target/i386-unknown-none/release/libbootloader_bios.a(compiler_builtins-c07007cb7ae57f29.compiler_builtins.9b5bff7562c610fb-cgu.07.rcgu.o)
                0x00008ab0                compiler_builtins::float::cmp::__gesf2
                0x00008ab0                compiler_builtins::float::cmp::__gtsf2
 *fill*         0x00008b06        0xa 
 .text._RNvNtNtNtCsdkYp4iRiNWF_17compiler_builtins4math9libm_math4fmod4fmod
                0x00008b10      0x6e8 target/i386-unknown-none/release/libbootloader_bios.a(compiler_builtins-c07007cb7ae57f29.compiler_builtins.9b5bff7562c610fb-cgu.07.rcgu.o)
                0x00008b10                compiler_builtins::math::libm_math::fmod::fmod
 *fill*         0x000091f8        0x8 
 .text._RNvNtNtNtCsdkYp4iRiNWF_17compiler_builtins4math9libm_math4fmod5fmodf
                0x00009200      0x10b target/i386-unknown-none/release/libbootloader_bios.a(compiler_builtins-c07007cb7ae57f29.compiler_builtins.9b5bff7562c610fb-cgu.07.rcgu.o)
                0x00009200                compiler_builtins::math::libm_math::fmod::fmodf
 *fill*         0x0000930b        0x5 
 .text._RNvNtNtNtCsdkYp4iRiNWF_17compiler_builtins4math9libm_math4rint4rint
                0x00009310       0xed target/i386-unknown-none/release/libbootloader_bios.a(compiler_builtins-c07007cb7ae57f29.compiler_builtins.9b5bff7562c610fb-cgu.07.rcgu.o)
                0x00009310                compiler_builtins::math::libm_math::rint::rint
 *fill*         0x000093fd        0x3 
 .text._RNvNtNtNtCsdkYp4iRiNWF_17compiler_builtins4math9libm_math4rint5rintf
                0x00009400       0x8f target/i386-unknown-none/release/libbootloader_bios.a(compiler_builtins-c07007cb7ae57f29.compiler_builtins.9b5bff7562c610fb-cgu.07.rcgu.o)
                0x00009400                compiler_builtins::math::libm_math::rint::rintf
 *fill*         0x0000948f        0x1 
 .text.__addhf3
                0x00009490       0x13 target/i386-unknown-none/release/libbootloader_bios.a(compiler_builtins-c07007cb7ae57f29.compiler_builtins.9b5bff7562c610fb-cgu.07.rcgu.o)
                0x00009490                __addhf3
 *fill*         0x000094a3        0xd 
 .text.__ashrsi3
                0x000094b0       0x5c target/i386-unknown-none/release/libbootloader_bios.a(compiler_builtins-c07007cb7ae57f29.compiler_builtins.9b5bff7562c610fb-cgu.07.rcgu.o)
                0x000094b0                __ashrsi3
 *fill*         0x0000950c        0x4 
 .text.__bswapdi2
                0x00009510        0xd target/i386-unknown-none/release/libbootloader_bios.a(compiler_builtins-c07007cb7ae57f29.compiler_builtins.9b5bff7562c610fb-cgu.07.rcgu.o)
                0x00009510                __bswapdi2
 *fill*         0x0000951d        0x3 
 .text.__extendhftf2
                0x00009520      0x132 target/i386-unknown-none/release/libbootloader_bios.a(compiler_builtins-c07007cb7ae57f29.compiler_builtins.9b5bff7562c610fb-cgu.07.rcgu.o)
                0x00009520                __extendhftf2
 *fill*         0x00009652        0xe 
 .text.__fixunsdfti
                0x00009660       0xf0 target/i386-unknown-none/release/libbootloader_bios.a(compiler_builtins-c07007cb7ae57f29.compiler_builtins.9b5bff7562c610fb-cgu.07.rcgu.o)
                0x00009660                __fixunsdfti
 .text.__fixunssfti
                0x00009750       0xe8 target/i386-unknown-none/release/libbootloader_bios.a(compiler_builtins-c07007cb7ae57f29.compiler_builtins.9b5bff7562c610fb-cgu.07.rcgu.o)
                0x00009750                __fixunssfti
 *fill*         0x00009838        0x8 
 .text.__gnu_h2f_ieee
                0x00009840       0x7a target/i386-unknown-none/release/libbootloader_bios.a(compiler_builtins-c07007cb7ae57f29.compiler_builtins.9b5bff7562c610fb-cgu.07.rcgu.o)
                0x00009840                __gnu_h2f_ieee
 *fill*         0x000098ba        0x6 
 .text.__modti3
                0x000098c0       0xed target/i386-unknown-none/release/libbootloader_bios.a(compiler_builtins-c07007cb7ae57f29.compiler_builtins.9b5bff7562c610fb-cgu.07.rcgu.o)
                0x000098c0                __modti3
 *fill*         0x000099ad        0x3 
 .text.__nehf2  0x000099b0       0x61 target/i386-unknown-none/release/libbootloader_bios.a(compiler_builtins-c07007cb7ae57f29.compiler_builtins.9b5bff7562c610fb-cgu.07.rcgu.o)
                0x000099b0                __nehf2
 *fill*         0x00009a11        0xf 
 .text.__rust_i128_mulo
                0x00009a20      0x4eb target/i386-unknown-none/release/libbootloader_bios.a(compiler_builtins-c07007cb7ae57f29.compiler_builtins.9b5bff7562c610fb-cgu.07.rcgu.o)
                0x00009a20                __rust_i128_mulo
 *fill*         0x00009f0b        0x5 
 .text.__truncdfhf2
                0x00009f10      0x136 target/i386-unknown-none/release/libbootloader_bios.a(compiler_builtins-c07007cb7ae57f29.compiler_builtins.9b5bff7562c610fb-cgu.07.rcgu.o)
                0x00009f10                __truncdfhf2
 *fill*         0x0000a046        0xa 
 .text.__udivti3
                0x0000a050       0x7d target/i386-unknown-none/release/libbootloader_bios.a(compiler_builtins-c07007cb7ae57f29.compiler_builtins.9b5bff7562c610fb-cgu.07.rcgu.o)
                0x0000a050                __udivti3
 *fill*         0x0000a0cd        0x3 
 .text.__umodsi3
                0x0000a0d0       0x7b target/i386-unknown-none/release/libbootloader_bios.a(compiler_builtins-c07007cb7ae57f29.compiler_builtins.9b5bff7562c610fb-cgu.07.rcgu.o)
                0x0000a0d0                __umodsi3
 *fill*         0x0000a14b        0x5 
 .text.__unordsf2
                0x0000a150       0x29 target/i386-unknown-none/release/libbootloader_bios.a(compiler_builtins-c07007cb7ae57f29.compiler_builtins.9b5bff7562c610fb-cgu.07.rcgu.o)
                0x0000a150                __unordsf2
 *fill*         0x0000a179        0x7 
 .text.ceil     0x0000a180       0x37 target/i386-unknown-none/release/libbootloader_bios.a(compiler_builtins-c07007cb7ae57f29.compiler_builtins.9b5bff7562c610fb-cgu.07.rcgu.o)
                0x0000a180                ceil
 *fill*         0x0000a1b7        0x9 
 .text.fabs     0x0000a1c0        0xe target/i386-unknown-none/release/libbootloader_bios.a(compiler_builtins-c07007cb7ae57f29.compiler_builtins.9b5bff7562c610fb-cgu.07.rcgu.o)
                0x0000a1c0                fabs
 *fill*         0x0000a1ce        0x2 
 .text.fma      0x0000a1d0       0x31 target/i386-unknown-none/release/libbootloader_bios.a(compiler_builtins-c07007cb7ae57f29.compiler_builtins.9b5bff7562c610fb-cgu.07.rcgu.o)
                0x0000a1d0                fma
 *fill*         0x0000a201        0xf 
 .text.fmaf     0x0000a210       0x15 target/i386-unknown-none/release/libbootloader_bios.a(compiler_builtins-c07007cb7ae57f29.compiler_builtins.9b5bff7562c610fb-cgu.07.rcgu.o)
                0x0000a210                fmaf
 *fill*         0x0000a225        0xb 
 .text.fmax     0x0000a230       0x56 target/i386-unknown-none/release/libbootloader_bios.a(compiler_builtins-c07007cb7ae57f29.compiler_builtins.9b5bff7562c610fb-cgu.07.rcgu.o)
                0x0000a230                fmax
 *fill*         0x0000a286        0xa 
 .text.memcmp   0x0000a290       0x3d target/i386-unknown-none/release/libbootloader_bios.a(compiler_builtins-c07007cb7ae57f29.compiler_builtins.9b5bff7562c610fb-cgu.07.rcgu.o)
                0x0000a290                memcmp
 *fill*         0x0000a2cd        0x3 
 .text.memset   0x0000a2d0       0x7b target/i386-unknown-none/release/libbootloader_bios.a(compiler_builtins-c07007cb7ae57f29.compiler_builtins.9b5bff7562c610fb-cgu.07.rcgu.o)
                0x0000a2d0                memset
 *fill*         0x0000a34b        0x5 
 .text.round    0x0000a350       0x95 target/i386-unknown-none/release/libbootloader_bios.a(compiler_builtins-c07007cb7ae57f29.compiler_builtins.9b5bff7562c610fb-cgu.07.rcgu.o)
                0x0000a350                round
 *fill*         0x0000a3e5        0xb 
 .text.roundf16
                0x0000a3f0       0x70 target/i386-unknown-none/release/libbootloader_bios.a(compiler_builtins-c07007cb7ae57f29.compiler_builtins.9b5bff7562c610fb-cgu.07.rcgu.o)
                0x0000a3f0                roundf16
 .text          0x0000a460        0x0 target/i386-unknown-none/release/libbootloader_bios.a(compiler_builtins-c07007cb7ae57f29.compiler_builtins.9b5bff7562c610fb-cgu.08.rcgu.o)
 .text._RNvNtNtCsdkYp4iRiNWF_17compiler_builtins3int3mul16___rust_i128_mulo
                0x0000a460      0x4eb target/i386-unknown-none/release/libbootloader_bios.a(compiler_builtins-c07007cb7ae57f29.compiler_builtins.9b5bff7562c610fb-cgu.08.rcgu.o)
                0x0000a460                compiler_builtins::int::mul::__muloti4
                0x0000a460                compiler_builtins::int::mul::__rust_i128_mulo
 *fill*         0x0000a94b        0x5 
 .text._RNvNtNtCsdkYp4iRiNWF_17compiler_builtins3int3mul16___rust_u128_mulo
                0x0000a950      0x34c target/i386-unknown-none/release/libbootloader_bios.a(compiler_builtins-c07007cb7ae57f29.compiler_builtins.9b5bff7562c610fb-cgu.08.rcgu.o)
                0x0000a950                compiler_builtins::int::mul::__rust_u128_mulo
 *fill*         0x0000ac9c        0x4 
 .text._RNvNtNtCsdkYp4iRiNWF_17compiler_builtins3int3mul8___muldi3
                0x0000aca0       0x4f target/i386-unknown-none/release/libbootloader_bios.a(compiler_builtins-c07007cb7ae57f29.compiler_builtins.9b5bff7562c610fb-cgu.08.rcgu.o)
                0x0000aca0                compiler_builtins::int::mul::__muldi3
 *fill*         0x0000acef        0x1 
 .text._RNvNtNtCsdkYp4iRiNWF_17compiler_builtins3int3mul8___multi3
                0x0000acf0       0xc0 target/i386-unknown-none/release/libbootloader_bios.a(compiler_builtins-c07007cb7ae57f29.compiler_builtins.9b5bff7562c610fb-cgu.08.rcgu.o)
                0x0000acf0                compiler_builtins::int::mul::__multi3
 .text._RNvNtNtCsdkYp4iRiNWF_17compiler_builtins3int3mul9___mulodi4
                0x0000adb0      0x10f target/i386-unknown-none/release/libbootloader_bios.a(compiler_builtins-c07007cb7ae57f29.compiler_builtins.9b5bff7562c610fb-cgu.08.rcgu.o)
                0x0000adb0                compiler_builtins::int::mul::__mulodi4
 *fill*         0x0000aebf        0x1 
 .text._RNvNtNtCsdkYp4iRiNWF_17compiler_builtins3int3mul9___mulosi4
                0x0000aec0       0xbf target/i386-unknown-none/release/libbootloader_bios.a(compiler_builtins-c07007cb7ae57f29.compiler_builtins.9b5bff7562c610fb-cgu.08.rcgu.o)
                0x0000aec0                compiler_builtins::int::mul::__mulosi4
 *fill*         0x0000af7f        0x1 
 .text._RNvNtNtCsdkYp4iRiNWF_17compiler_builtins3int4udiv12___udivmoddi4
                0x0000af80       0xc8 target/i386-unknown-none/release/libbootloader_bios.a(compiler_builtins-c07007cb7ae57f29.compiler_builtins.9b5bff7562c610fb-cgu.08.rcgu.o)
                0x0000af80                compiler_builtins::int::udiv::__udivmoddi4
 *fill*         0x0000b048        0x8 
 .text._RNvNtNtCsdkYp4iRiNWF_17compiler_builtins3int4udiv12___udivmodsi4
                0x0000b050       0xba target/i386-unknown-none/release/libbootloader_bios.a(compiler_builtins-c07007cb7ae57f29.compiler_builtins.9b5bff7562c610fb-cgu.08.rcgu.o)
                0x0000b050                compiler_builtins::int::udiv::__udivmodsi4
 *fill*         0x0000b10a        0x6 
 .text._RNvNtNtCsdkYp4iRiNWF_17compiler_builtins3int4udiv12___udivmodti4
                0x0000b110       0xbc target/i386-unknown-none/release/libbootloader_bios.a(compiler_builtins-c07007cb7ae57f29.compiler_builtins.9b5bff7562c610fb-cgu.08.rcgu.o)
                0x0000b110                compiler_builtins::int::udiv::__udivmodti4
 *fill*         0x0000b1cc        0x4 
 .text._RNvNtNtCsdkYp4iRiNWF_17compiler_builtins3int4udiv9___udivdi3
                0x0000b1d0       0x93 target/i386-unknown-none/release/libbootloader_bios.a(compiler_builtins-c07007cb7ae57f29.compiler_builtins.9b5bff7562c610fb-cgu.08.rcgu.o)
                0x0000b1d0                compiler_builtins::int::udiv::__udivdi3
 *fill*         0x0000b263        0xd 
 .text._RNvNtNtCsdkYp4iRiNWF_17compiler_builtins3int4udiv9___udivsi3
                0x0000b270       0xa0 target/i386-unknown-none/release/libbootloader_bios.a(compiler_builtins-c07007cb7ae57f29.compiler_builtins.9b5bff7562c610fb-cgu.08.rcgu.o)
                0x0000b270                compiler_builtins::int::udiv::__udivsi3
 .text._RNvNtNtCsdkYp4iRiNWF_17compiler_builtins3int4udiv9___udivti3
                0x0000b310       0x7d target/i386-unknown-none/release/libbootloader_bios.a(compiler_builtins-c07007cb7ae57f29.compiler_builtins.9b5bff7562c610fb-cgu.08.rcgu.o)
                0x0000b310                compiler_builtins::int::udiv::__udivti3
 *fill*         0x0000b38d        0x3 
 .text._RNvNtNtCsdkYp4iRiNWF_17compiler_builtins3int4udiv9___umoddi3
                0x0000b390       0x9f target/i386-unknown-none/release/libbootloader_bios.a(compiler_builtins-c07007cb7ae57f29.compiler_builtins.9b5bff7562c610fb-cgu.08.rcgu.o)
                0x0000b390                compiler_builtins::int::udiv::__umoddi3
 *fill*         0x0000b42f        0x1 
 .text._RNvNtNtCsdkYp4iRiNWF_17compiler_builtins3int4udiv9___umodsi3
                0x0000b430       0x7b target/i386-unknown-none/release/libbootloader_bios.a(compiler_builtins-c07007cb7ae57f29.compiler_builtins.9b5bff7562c610fb-cgu.08.rcgu.o)
                0x0000b430                compiler_builtins::int::udiv::__umodsi3
 *fill*         0x0000b4ab        0x5 
 .text._RNvNtNtCsdkYp4iRiNWF_17compiler_builtins3int4udiv9___umodti3
                0x0000b4b0       0x7d target/i386-unknown-none/release/libbootloader_bios.a(compiler_builtins-c07007cb7ae57f29.compiler_builtins.9b5bff7562c610fb-cgu.08.rcgu.o)
                0x0000b4b0                compiler_builtins::int::udiv::__umodti3
 *fill*         0x0000b52d        0x3 
 .text._RNvNtNtCsdkYp4iRiNWF_17compiler_builtins3int5shift9___ashldi3
                0x0000b530       0x35 target/i386-unknown-none/release/libbootloader_bios.a(compiler_builtins-c07007cb7ae57f29.compiler_builtins.9b5bff7562c610fb-cgu.08.rcgu.o)
                0x0000b530                compiler_builtins::int::shift::__ashldi3
 *fill*         0x0000b565        0xb 
 .text._RNvNtNtCsdkYp4iRiNWF_17compiler_builtins3int5shift9___ashlsi3
                0x0000b570       0x4e target/i386-unknown-none/release/libbootloader_bios.a(compiler_builtins-c07007cb7ae57f29.compiler_builtins.9b5bff7562c610fb-cgu.08.rcgu.o)
                0x0000b570                compiler_builtins::int::shift::__ashlsi3
 *fill*         0x0000b5be        0x2 
 .text._RNvNtNtCsdkYp4iRiNWF_17compiler_builtins3int5shift9___ashlti3
                0x0000b5c0       0xb2 target/i386-unknown-none/release/libbootloader_bios.a(compiler_builtins-c07007cb7ae57f29.compiler_builtins.9b5bff7562c610fb-cgu.08.rcgu.o)
                0x0000b5c0                compiler_builtins::int::shift::__ashlti3
 *fill*         0x0000b672        0xe 
 .text._RNvNtNtCsdkYp4iRiNWF_17compiler_builtins3int5shift9___ashrdi3
                0x0000b680       0x34 target/i386-unknown-none/release/libbootloader_bios.a(compiler_builtins-c07007cb7ae57f29.compiler_builtins.9b5bff7562c610fb-cgu.08.rcgu.o)
                0x0000b680                compiler_builtins::int::shift::__ashrdi3
 *fill*         0x0000b6b4        0xc 
 .text._RNvNtNtCsdkYp4iRiNWF_17compiler_builtins3int5shift9___ashrsi3
                0x0000b6c0       0x5c target/i386-unknown-none/release/libbootloader_bios.a(compiler_builtins-c07007cb7ae57f29.compiler_builtins.9b5bff7562c610fb-cgu.08.rcgu.o)
                0x0000b6c0                compiler_builtins::int::shift::__ashrsi3
 *fill*         0x0000b71c        0x4 
 .text._RNvNtNtCsdkYp4iRiNWF_17compiler_builtins3int5shift9___ashrti3
                0x0000b720       0xd3 target/i386-unknown-none/release/libbootloader_bios.a(compiler_builtins-c07007cb7ae57f29.compiler_builtins.9b5bff7562c610fb-cgu.08.rcgu.o)
                0x0000b720                compiler_builtins::int::shift::__ashrti3
 *fill*         0x0000b7f3        0xd 
 .text._RNvNtNtCsdkYp4iRiNWF_17compiler_builtins3int5shift9___lshrdi3
                0x0000b800       0x33 target/i386-unknown-none/release/libbootloader_bios.a(compiler_builtins-c07007cb7ae57f29.compiler_builtins.9b5bff7562c610fb-cgu.08.rcgu.o)
                0x0000b800                compiler_builtins::int::shift::__lshrdi3
 *fill*         0x0000b833        0xd 
 .text._RNvNtNtCsdkYp4iRiNWF_17compiler_builtins3int5shift9___lshrsi3
                0x0000b840       0x4e target/i386-unknown-none/release/libbootloader_bios.a(compiler_builtins-c07007cb7ae57f29.compiler_builtins.9b5bff7562c610fb-cgu.08.rcgu.o)
                0x0000b840                compiler_builtins::int::shift::__lshrsi3
 *fill*         0x0000b88e        0x2 
 .text._RNvNtNtCsdkYp4iRiNWF_17compiler_builtins3int5shift9___lshrti3
                0x0000b890       0xc3 target/i386-unknown-none/release/libbootloader_bios.a(compiler_builtins-c07007cb7ae57f29.compiler_builtins.9b5bff7562c610fb-cgu.08.rcgu.o)
                0x0000b890                compiler_builtins::int::shift::__lshrti3
 *fill*         0x0000b953        0xd 
 .text._RNvYmNtNtNtCsdkYp4iRiNWF_17compiler_builtins3int6traits4DInt5lo_hiB9_
                0x0000b960        0xa target/i386-unknown-none/release/libbootloader_bios.a(compiler_builtins-c07007cb7ae57f29.compiler_builtins.9b5bff7562c610fb-cgu.08.rcgu.o)
                0x0000b960                <u32 as compiler_builtins::int::traits::DInt>::lo_hi
 *fill*         0x0000b96a        0x6 
 .text._RNvYoNtNtNtCsdkYp4iRiNWF_17compiler_builtins3int6traits4DInt10from_lo_hiB9_
                0x0000b970       0x26 target/i386-unknown-none/release/libbootloader_bios.a(compiler_builtins-c07007cb7ae57f29.compiler_builtins.9b5bff7562c610fb-cgu.08.rcgu.o)
                0x0000b970                <u128 as compiler_builtins::int::traits::DInt>::from_lo_hi
 *fill*         0x0000b996        0xa 
 .text._RNvYoNtNtNtCsdkYp4iRiNWF_17compiler_builtins3int6traits4DInt5lo_hiB9_
                0x0000b9a0       0x2b target/i386-unknown-none/release/libbootloader_bios.a(compiler_builtins-c07007cb7ae57f29.compiler_builtins.9b5bff7562c610fb-cgu.08.rcgu.o)
                0x0000b9a0                <u128 as compiler_builtins::int::traits::DInt>::lo_hi
 *fill*         0x0000b9cb        0x5 
 .text._RNvYyNtNtNtCsdkYp4iRiNWF_17compiler_builtins3int6traits4DInt5lo_hiB9_
                0x0000b9d0        0x9 target/i386-unknown-none/release/libbootloader_bios.a(compiler_builtins-c07007cb7ae57f29.compiler_builtins.9b5bff7562c610fb-cgu.08.rcgu.o)
                0x0000b9d0                <u64 as compiler_builtins::int::traits::DInt>::lo_hi
 *fill*         0x0000b9d9        0x7 
 .text.__bswapsi2
                0x0000b9e0        0x7 target/i386-unknown-none/release/libbootloader_bios.a(compiler_builtins-c07007cb7ae57f29.compiler_builtins.9b5bff7562c610fb-cgu.08.rcgu.o)
                0x0000b9e0                __bswapsi2
 *fill*         0x0000b9e7        0x9 
 .text.__divdi3
                0x0000b9f0       0xcf target/i386-unknown-none/release/libbootloader_bios.a(compiler_builtins-c07007cb7ae57f29.compiler_builtins.9b5bff7562c610fb-cgu.08.rcgu.o)
                0x0000b9f0                __divdi3
 *fill*         0x0000babf        0x1 
 .text.__divtf3
                0x0000bac0       0x7d target/i386-unknown-none/release/libbootloader_bios.a(compiler_builtins-c07007cb7ae57f29.compiler_builtins.9b5bff7562c610fb-cgu.08.rcgu.o)
                0x0000bac0                __divtf3
 *fill*         0x0000bb3d        0x3 
 .text.__eqdf2  0x0000bb40       0x8a target/i386-unknown-none/release/libbootloader_bios.a(compiler_builtins-c07007cb7ae57f29.compiler_builtins.9b5bff7562c610fb-cgu.08.rcgu.o)
                0x0000bb40                __eqdf2
 *fill*         0x0000bbca        0x6 
 .text.__extendhfdf2
                0x0000bbd0       0x8d target/i386-unknown-none/release/libbootloader_bios.a(compiler_builtins-c07007cb7ae57f29.compiler_builtins.9b5bff7562c610fb-cgu.08.rcgu.o)
                0x0000bbd0                __extendhfdf2
 *fill*         0x0000bc5d        0x3 
 .text.__fixtfsi
                0x0000bc60       0x6c target/i386-unknown-none/release/libbootloader_bios.a(compiler_builtins-c07007cb7ae57f29.compiler_builtins.9b5bff7562c610fb-cgu.08.rcgu.o)
                0x0000bc60                __fixtfsi
 *fill*         0x0000bccc        0x4 
 .text.__fixunstfsi
                0x0000bcd0       0x5a target/i386-unknown-none/release/libbootloader_bios.a(compiler_builtins-c07007cb7ae57f29.compiler_builtins.9b5bff7562c610fb-cgu.08.rcgu.o)
                0x0000bcd0                __fixunstfsi
 *fill*         0x0000bd2a        0x6 
 .text.__floatunsitf
                0x0000bd30       0x56 target/i386-unknown-none/release/libbootloader_bios.a(compiler_builtins-c07007cb7ae57f29.compiler_builtins.9b5bff7562c610fb-cgu.08.rcgu.o)
                0x0000bd30                __floatunsitf
 *fill*         0x0000bd86        0xa 
 .text.__gehf2  0x0000bd90       0x5c target/i386-unknown-none/release/libbootloader_bios.a(compiler_builtins-c07007cb7ae57f29.compiler_builtins.9b5bff7562c610fb-cgu.08.rcgu.o)
                0x0000bd90                __gehf2
 *fill*         0x0000bdec        0x4 
 .text.__lshrdi3
                0x0000bdf0       0x33 target/i386-unknown-none/release/libbootloader_bios.a(compiler_builtins-c07007cb7ae57f29.compiler_builtins.9b5bff7562c610fb-cgu.08.rcgu.o)
                0x0000bdf0                __lshrdi3
 *fill*         0x0000be23        0xd 
 .text.__ltsf2  0x0000be30       0x5b target/i386-unknown-none/release/libbootloader_bios.a(compiler_builtins-c07007cb7ae57f29.compiler_builtins.9b5bff7562c610fb-cgu.08.rcgu.o)
                0x0000be30                __ltsf2
 *fill*         0x0000be8b        0x5 
 .text.__muldi3
                0x0000be90       0x4f target/i386-unknown-none/release/libbootloader_bios.a(compiler_builtins-c07007cb7ae57f29.compiler_builtins.9b5bff7562c610fb-cgu.08.rcgu.o)
                0x0000be90                __muldi3
 *fill*         0x0000bedf        0x1 
 .text.__powidf2
                0x0000bee0       0x8a target/i386-unknown-none/release/libbootloader_bios.a(compiler_builtins-c07007cb7ae57f29.compiler_builtins.9b5bff7562c610fb-cgu.08.rcgu.o)
                0x0000bee0                __powidf2
 *fill*         0x0000bf6a        0x6 
 .text.__rust_u128_sub
                0x0000bf70       0x6a target/i386-unknown-none/release/libbootloader_bios.a(compiler_builtins-c07007cb7ae57f29.compiler_builtins.9b5bff7562c610fb-cgu.08.rcgu.o)
                0x0000bf70                __rust_u128_sub
 *fill*         0x0000bfda        0x6 
 .text.__subtf3
                0x0000bfe0       0x82 target/i386-unknown-none/release/libbootloader_bios.a(compiler_builtins-c07007cb7ae57f29.compiler_builtins.9b5bff7562c610fb-cgu.08.rcgu.o)
                0x0000bfe0                __subtf3
 *fill*         0x0000c062        0xe 
 .text.__udivsi3
                0x0000c070       0xa0 target/i386-unknown-none/release/libbootloader_bios.a(compiler_builtins-c07007cb7ae57f29.compiler_builtins.9b5bff7562c610fb-cgu.08.rcgu.o)
                0x0000c070                __udivsi3
 .text.copysign
                0x0000c110       0x19 target/i386-unknown-none/release/libbootloader_bios.a(compiler_builtins-c07007cb7ae57f29.compiler_builtins.9b5bff7562c610fb-cgu.08.rcgu.o)
                0x0000c110                copysign
 *fill*         0x0000c129        0x7 
 .text.fabsf128
                0x0000c130       0x30 target/i386-unknown-none/release/libbootloader_bios.a(compiler_builtins-c07007cb7ae57f29.compiler_builtins.9b5bff7562c610fb-cgu.08.rcgu.o)
                0x0000c130                fabsf128
 .text.fminimum_numf
                0x0000c160       0x5d target/i386-unknown-none/release/libbootloader_bios.a(compiler_builtins-c07007cb7ae57f29.compiler_builtins.9b5bff7562c610fb-cgu.08.rcgu.o)
                0x0000c160                fminimum_numf
 *fill*         0x0000c1bd        0x3 
 .text.fminimumf
                0x0000c1c0       0x4b target/i386-unknown-none/release/libbootloader_bios.a(compiler_builtins-c07007cb7ae57f29.compiler_builtins.9b5bff7562c610fb-cgu.08.rcgu.o)
                0x0000c1c0                fminimumf
 *fill*         0x0000c20b        0x5 
 .text.fmod     0x0000c210       0x2b target/i386-unknown-none/release/libbootloader_bios.a(compiler_builtins-c07007cb7ae57f29.compiler_builtins.9b5bff7562c610fb-cgu.08.rcgu.o)
                0x0000c210                fmod
 *fill*         0x0000c23b        0x5 
 .text.fmodf16  0x0000c240      0x13f target/i386-unknown-none/release/libbootloader_bios.a(compiler_builtins-c07007cb7ae57f29.compiler_builtins.9b5bff7562c610fb-cgu.08.rcgu.o)
                0x0000c240                fmodf16
 *fill*         0x0000c37f        0x1 
 .text.rintf16  0x0000c380       0xf9 target/i386-unknown-none/release/libbootloader_bios.a(compiler_builtins-c07007cb7ae57f29.compiler_builtins.9b5bff7562c610fb-cgu.08.rcgu.o)
                0x0000c380                rintf16
 *fill*         0x0000c479        0x7 
 .text.sqrtf    0x0000c480        0xd target/i386-unknown-none/release/libbootloader_bios.a(compiler_builtins-c07007cb7ae57f29.compiler_builtins.9b5bff7562c610fb-cgu.08.rcgu.o)
                0x0000c480                sqrtf
 *fill*         0x0000c48d        0x3 
 .text          0x0000c490        0x0 target/i386-unknown-none/release/libbootloader_bios.a(compiler_builtins-c07007cb7ae57f29.compiler_builtins.9b5bff7562c610fb-cgu.09.rcgu.o)
 .text._RINvNtNtNtCsdkYp4iRiNWF_17compiler_builtins3int13leading_zeros14implementation21leading_zeros_defaultmEB8_
                0x0000c490       0x61 target/i386-unknown-none/release/libbootloader_bios.a(compiler_builtins-c07007cb7ae57f29.compiler_builtins.9b5bff7562c610fb-cgu.09.rcgu.o)
                0x0000c490                compiler_builtins::int::leading_zeros::implementation::leading_zeros_default::<u32>
 *fill*         0x0000c4f1        0xf 
 .text._RINvNtNtNtCsdkYp4iRiNWF_17compiler_builtins3int13leading_zeros14implementation21leading_zeros_defaultyEB8_
                0x0000c500       0xb2 target/i386-unknown-none/release/libbootloader_bios.a(compiler_builtins-c07007cb7ae57f29.compiler_builtins.9b5bff7562c610fb-cgu.09.rcgu.o)
                0x0000c500                compiler_builtins::int::leading_zeros::implementation::leading_zeros_default::<u64>
 *fill*         0x0000c5b2        0xe 
 .text._RNvNtNtCsdkYp4iRiNWF_17compiler_builtins3int4sdiv11___divmoddi4
                0x0000c5c0      0x116 target/i386-unknown-none/release/libbootloader_bios.a(compiler_builtins-c07007cb7ae57f29.compiler_builtins.9b5bff7562c610fb-cgu.09.rcgu.o)
                0x0000c5c0                compiler_builtins::int::sdiv::__divmoddi4
 *fill*         0x0000c6d6        0xa 
 .text._RNvNtNtCsdkYp4iRiNWF_17compiler_builtins3int4sdiv11___divmodsi4
                0x0000c6e0       0xf9 target/i386-unknown-none/release/libbootloader_bios.a(compiler_builtins-c07007cb7ae57f29.compiler_builtins.9b5bff7562c610fb-cgu.09.rcgu.o)
                0x0000c6e0                compiler_builtins::int::sdiv::__divmodsi4
 *fill*         0x0000c7d9        0x7 
 .text._RNvNtNtCsdkYp4iRiNWF_17compiler_builtins3int4sdiv11___divmodti4
                0x0000c7e0      0x163 target/i386-unknown-none/release/libbootloader_bios.a(compiler_builtins-c07007cb7ae57f29.compiler_builtins.9b5bff7562c610fb-cgu.09.rcgu.o)
                0x0000c7e0                compiler_builtins::int::sdiv::__divmodti4
 *fill*         0x0000c943        0xd 
 .text._RNvNtNtCsdkYp4iRiNWF_17compiler_builtins3int4sdiv8___divdi3
                0x0000c950       0xcf target/i386-unknown-none/release/libbootloader_bios.a(compiler_builtins-c07007cb7ae57f29.compiler_builtins.9b5bff7562c610fb-cgu.09.rcgu.o)
                0x0000c950                compiler_builtins::int::sdiv::__divdi3
 *fill*         0x0000ca1f        0x1 
 .text._RNvNtNtCsdkYp4iRiNWF_17compiler_builtins3int4sdiv8___divsi3
                0x0000ca20       0xe0 target/i386-unknown-none/release/libbootloader_bios.a(compiler_builtins-c07007cb7ae57f29.compiler_builtins.9b5bff7562c610fb-cgu.09.rcgu.o)
                0x0000ca20                compiler_builtins::int::sdiv::__divsi3
 .text._RNvNtNtCsdkYp4iRiNWF_17compiler_builtins3int4sdiv8___divti3
                0x0000cb00       0xfa target/i386-unknown-none/release/libbootloader_bios.a(compiler_builtins-c07007cb7ae57f29.compiler_builtins.9b5bff7562c610fb-cgu.09.rcgu.o)
                0x0000cb00                compiler_builtins::int::sdiv::__divti3
 *fill*         0x0000cbfa        0x6 
 .text._RNvNtNtCsdkYp4iRiNWF_17compiler_builtins3int4sdiv8___moddi3
                0x0000cc00       0xd1 target/i386-unknown-none/release/libbootloader_bios.a(compiler_builtins-c07007cb7ae57f29.compiler_builtins.9b5bff7562c610fb-cgu.09.rcgu.o)
                0x0000cc00                compiler_builtins::int::sdiv::__moddi3
 *fill*         0x0000ccd1        0xf 
 .text._RNvNtNtCsdkYp4iRiNWF_17compiler_builtins3int4sdiv8___modsi3
                0x0000cce0       0x92 target/i386-unknown-none/release/libbootloader_bios.a(compiler_builtins-c07007cb7ae57f29.compiler_builtins.9b5bff7562c610fb-cgu.09.rcgu.o)
                0x0000cce0                compiler_builtins::int::sdiv::__modsi3
 *fill*         0x0000cd72        0xe 
 .text._RNvNtNtCsdkYp4iRiNWF_17compiler_builtins3int4sdiv8___modti3
                0x0000cd80       0xed target/i386-unknown-none/release/libbootloader_bios.a(compiler_builtins-c07007cb7ae57f29.compiler_builtins.9b5bff7562c610fb-cgu.09.rcgu.o)
                0x0000cd80                compiler_builtins::int::sdiv::__modti3
 *fill*         0x0000ce6d        0x3 
 .text._RNvNtNtNtCsdkYp4iRiNWF_17compiler_builtins4math9libm_math4sqrt4sqrt
                0x0000ce70      0x1f9 target/i386-unknown-none/release/libbootloader_bios.a(compiler_builtins-c07007cb7ae57f29.compiler_builtins.9b5bff7562c610fb-cgu.09.rcgu.o)
                0x0000ce70                compiler_builtins::math::libm_math::sqrt::sqrt
 *fill*         0x0000d069        0x7 
 .text._RNvNtNtNtCsdkYp4iRiNWF_17compiler_builtins4math9libm_math4sqrt5sqrtf
                0x0000d070      0x11e target/i386-unknown-none/release/libbootloader_bios.a(compiler_builtins-c07007cb7ae57f29.compiler_builtins.9b5bff7562c610fb-cgu.09.rcgu.o)
                0x0000d070                compiler_builtins::math::libm_math::sqrt::sqrtf
 *fill*         0x0000d18e        0x2 
 .text._RNvNtNtNtCsdkYp4iRiNWF_17compiler_builtins4math9libm_math5trunc5trunc
                0x0000d190       0x78 target/i386-unknown-none/release/libbootloader_bios.a(compiler_builtins-c07007cb7ae57f29.compiler_builtins.9b5bff7562c610fb-cgu.09.rcgu.o)
                0x0000d190                compiler_builtins::math::libm_math::trunc::trunc
 *fill*         0x0000d208        0x8 
 .text._RNvNtNtNtCsdkYp4iRiNWF_17compiler_builtins4math9libm_math5trunc6truncf
                0x0000d210       0x45 target/i386-unknown-none/release/libbootloader_bios.a(compiler_builtins-c07007cb7ae57f29.compiler_builtins.9b5bff7562c610fb-cgu.09.rcgu.o)
                0x0000d210                compiler_builtins::math::libm_math::trunc::truncf
 *fill*         0x0000d255        0xb 
 .text.__adddf3
                0x0000d260        0x5 target/i386-unknown-none/release/libbootloader_bios.a(compiler_builtins-c07007cb7ae57f29.compiler_builtins.9b5bff7562c610fb-cgu.09.rcgu.o)
                0x0000d260                __adddf3
 *fill*         0x0000d265        0xb 
 .text.__ashldi3
                0x0000d270       0x35 target/i386-unknown-none/release/libbootloader_bios.a(compiler_builtins-c07007cb7ae57f29.compiler_builtins.9b5bff7562c610fb-cgu.09.rcgu.o)
                0x0000d270                __ashldi3
 *fill*         0x0000d2a5        0xb 
 .text.__bswapti2
                0x0000d2b0       0x33 target/i386-unknown-none/release/libbootloader_bios.a(compiler_builtins-c07007cb7ae57f29.compiler_builtins.9b5bff7562c610fb-cgu.09.rcgu.o)
                0x0000d2b0                __bswapti2
 *fill*         0x0000d2e3        0xd 
 .text.__clzdi2
                0x0000d2f0       0xb2 target/i386-unknown-none/release/libbootloader_bios.a(compiler_builtins-c07007cb7ae57f29.compiler_builtins.9b5bff7562c610fb-cgu.09.rcgu.o)
                0x0000d2f0                __clzdi2
 *fill*         0x0000d3a2        0xe 
 .text.__ctzti2
                0x0000d3b0       0x21 target/i386-unknown-none/release/libbootloader_bios.a(compiler_builtins-c07007cb7ae57f29.compiler_builtins.9b5bff7562c610fb-cgu.09.rcgu.o)
                0x0000d3b0                __ctzti2
 *fill*         0x0000d3d1        0xf 
 .text.__fixdfdi
                0x0000d3e0       0x8a target/i386-unknown-none/release/libbootloader_bios.a(compiler_builtins-c07007cb7ae57f29.compiler_builtins.9b5bff7562c610fb-cgu.09.rcgu.o)
                0x0000d3e0                __fixdfdi
 *fill*         0x0000d46a        0x6 
 .text.__fixtfti
                0x0000d470      0x14c target/i386-unknown-none/release/libbootloader_bios.a(compiler_builtins-c07007cb7ae57f29.compiler_builtins.9b5bff7562c610fb-cgu.09.rcgu.o)
                0x0000d470                __fixtfti
 *fill*         0x0000d5bc        0x4 
 .text.__fixunstfdi
                0x0000d5c0       0x71 target/i386-unknown-none/release/libbootloader_bios.a(compiler_builtins-c07007cb7ae57f29.compiler_builtins.9b5bff7562c610fb-cgu.09.rcgu.o)
                0x0000d5c0                __fixunstfdi
 *fill*         0x0000d631        0xf 
 .text.__fixunstfti
                0x0000d640       0xf5 target/i386-unknown-none/release/libbootloader_bios.a(compiler_builtins-c07007cb7ae57f29.compiler_builtins.9b5bff7562c610fb-cgu.09.rcgu.o)
                0x0000d640                __fixunstfti
 *fill*         0x0000d735        0xb 
 .text.__floatuntisf
                0x0000d740      0x118 target/i386-unknown-none/release/libbootloader_bios.a(compiler_builtins-c07007cb7ae57f29.compiler_builtins.9b5bff7562c610fb-cgu.09.rcgu.o)
                0x0000d740                __floatuntisf
 *fill*         0x0000d858        0x8 
 .text.__gtsf2  0x0000d860       0x56 target/i386-unknown-none/release/libbootloader_bios.a(compiler_builtins-c07007cb7ae57f29.compiler_builtins.9b5bff7562c610fb-cgu.09.rcgu.o)
                0x0000d860                __gtsf2
 *fill*         0x0000d8b6        0xa 
 .text.__muldf3
                0x0000d8c0        0x5 target/i386-unknown-none/release/libbootloader_bios.a(compiler_builtins-c07007cb7ae57f29.compiler_builtins.9b5bff7562c610fb-cgu.09.rcgu.o)
                0x0000d8c0                __muldf3
 *fill*         0x0000d8c5        0xb 
 .text.__trunctfsf2
                0x0000d8d0      0x22d target/i386-unknown-none/release/libbootloader_bios.a(compiler_builtins-c07007cb7ae57f29.compiler_builtins.9b5bff7562c610fb-cgu.09.rcgu.o)
                0x0000d8d0                __trunctfsf2
 *fill*         0x0000dafd        0x3 
 .text.__udivmoddi4
                0x0000db00       0xc8 target/i386-unknown-none/release/libbootloader_bios.a(compiler_builtins-c07007cb7ae57f29.compiler_builtins.9b5bff7562c610fb-cgu.09.rcgu.o)
                0x0000db00                __udivmoddi4
 *fill*         0x0000dbc8        0x8 
 .text.__udivmodsi4
                0x0000dbd0       0xba target/i386-unknown-none/release/libbootloader_bios.a(compiler_builtins-c07007cb7ae57f29.compiler_builtins.9b5bff7562c610fb-cgu.09.rcgu.o)
                0x0000dbd0                __udivmodsi4
 *fill*         0x0000dc8a        0x6 
 .text.cbrtf    0x0000dc90        0x5 target/i386-unknown-none/release/libbootloader_bios.a(compiler_builtins-c07007cb7ae57f29.compiler_builtins.9b5bff7562c610fb-cgu.09.rcgu.o)
                0x0000dc90                cbrtf
 *fill*         0x0000dc95        0xb 
 .text.rint     0x0000dca0       0xe7 target/i386-unknown-none/release/libbootloader_bios.a(compiler_builtins-c07007cb7ae57f29.compiler_builtins.9b5bff7562c610fb-cgu.09.rcgu.o)
                0x0000dca0                rint
 *fill*         0x0000dd87        0x9 
 .text.rintf    0x0000dd90       0x8f target/i386-unknown-none/release/libbootloader_bios.a(compiler_builtins-c07007cb7ae57f29.compiler_builtins.9b5bff7562c610fb-cgu.09.rcgu.o)
                0x0000dd90                rintf
 *fill*         0x0000de1f        0x1 
 .text          0x0000de20        0x0 target/i386-unknown-none/release/libbootloader_bios.a(compiler_builtins-c07007cb7ae57f29.compiler_builtins.9b5bff7562c610fb-cgu.10.rcgu.o)
 .text._RNvNtCsdkYp4iRiNWF_17compiler_builtins3mem6memcpy
                0x0000de20       0xb8 target/i386-unknown-none/release/libbootloader_bios.a(compiler_builtins-c07007cb7ae57f29.compiler_builtins.9b5bff7562c610fb-cgu.10.rcgu.o)
                0x0000de20                compiler_builtins::mem::memcpy
 *fill*         0x0000ded8        0x8 
 .text._RNvNtCsdkYp4iRiNWF_17compiler_builtins3mem6memset
                0x0000dee0       0x7b target/i386-unknown-none/release/libbootloader_bios.a(compiler_builtins-c07007cb7ae57f29.compiler_builtins.9b5bff7562c610fb-cgu.10.rcgu.o)
                0x0000dee0                compiler_builtins::mem::memset
 *fill*         0x0000df5b        0x5 
 .text._RNvNtCsdkYp4iRiNWF_17compiler_builtins3mem7memmove
                0x0000df60      0x18e target/i386-unknown-none/release/libbootloader_bios.a(compiler_builtins-c07007cb7ae57f29.compiler_builtins.9b5bff7562c610fb-cgu.10.rcgu.o)
                0x0000df60                compiler_builtins::mem::memmove
 *fill*         0x0000e0ee        0x2 
 .text._RNvNtNtCsdkYp4iRiNWF_17compiler_builtins4math17full_availability10roundevenf
                0x0000e0f0       0x8f target/i386-unknown-none/release/libbootloader_bios.a(compiler_builtins-c07007cb7ae57f29.compiler_builtins.9b5bff7562c610fb-cgu.10.rcgu.o)
                0x0000e0f0                compiler_builtins::math::full_availability::rintf
                0x0000e0f0                compiler_builtins::math::full_availability::roundevenf
 *fill*         0x0000e17f        0x1 
 .text._RNvNtNtCsdkYp4iRiNWF_17compiler_builtins4math17full_availability12fmaximum_num
                0x0000e180       0x81 target/i386-unknown-none/release/libbootloader_bios.a(compiler_builtins-c07007cb7ae57f29.compiler_builtins.9b5bff7562c610fb-cgu.10.rcgu.o)
                0x0000e180                compiler_builtins::math::full_availability::fmaximum_num
 *fill*         0x0000e201        0xf 
 .text._RNvNtNtCsdkYp4iRiNWF_17compiler_builtins4math17full_availability12fminimum_num
                0x0000e210       0x81 target/i386-unknown-none/release/libbootloader_bios.a(compiler_builtins-c07007cb7ae57f29.compiler_builtins.9b5bff7562c610fb-cgu.10.rcgu.o)
                0x0000e210                compiler_builtins::math::full_availability::fminimum_num
 *fill*         0x0000e291        0xf 
 .text._RNvNtNtCsdkYp4iRiNWF_17compiler_builtins4math17full_availability13fmaximum_numf
                0x0000e2a0       0x5d target/i386-unknown-none/release/libbootloader_bios.a(compiler_builtins-c07007cb7ae57f29.compiler_builtins.9b5bff7562c610fb-cgu.10.rcgu.o)
                0x0000e2a0                compiler_builtins::math::full_availability::fmaximum_numf
 *fill*         0x0000e2fd        0x3 
 .text._RNvNtNtCsdkYp4iRiNWF_17compiler_builtins4math17full_availability13fminimum_numf
                0x0000e300       0x5d target/i386-unknown-none/release/libbootloader_bios.a(compiler_builtins-c07007cb7ae57f29.compiler_builtins.9b5bff7562c610fb-cgu.10.rcgu.o)
                0x0000e300                compiler_builtins::math::full_availability::fminimum_numf
 *fill*         0x0000e35d        0x3 
 .text._RNvNtNtCsdkYp4iRiNWF_17compiler_builtins4math17full_availability3fma
                0x0000e360       0x31 target/i386-unknown-none/release/libbootloader_bios.a(compiler_builtins-c07007cb7ae57f29.compiler_builtins.9b5bff7562c610fb-cgu.10.rcgu.o)
                0x0000e360                compiler_builtins::math::full_availability::fma
 *fill*         0x0000e391        0xf 
 .text._RNvNtNtCsdkYp4iRiNWF_17compiler_builtins4math17full_availability4cbrt
                0x0000e3a0       0x25 target/i386-unknown-none/release/libbootloader_bios.a(compiler_builtins-c07007cb7ae57f29.compiler_builtins.9b5bff7562c610fb-cgu.10.rcgu.o)
                0x0000e3a0                compiler_builtins::math::full_availability::cbrt
                0x0000e3a0                cbrt
 *fill*         0x0000e3c5        0xb 
 .text._RNvNtNtCsdkYp4iRiNWF_17compiler_builtins4math17full_availability4fmaf
                0x0000e3d0       0x15 target/i386-unknown-none/release/libbootloader_bios.a(compiler_builtins-c07007cb7ae57f29.compiler_builtins.9b5bff7562c610fb-cgu.10.rcgu.o)
                0x0000e3d0                compiler_builtins::math::full_availability::fmaf
 *fill*         0x0000e3e5        0xb 
 .text._RNvNtNtCsdkYp4iRiNWF_17compiler_builtins4math17full_availability4fmax
                0x0000e3f0       0x56 target/i386-unknown-none/release/libbootloader_bios.a(compiler_builtins-c07007cb7ae57f29.compiler_builtins.9b5bff7562c610fb-cgu.10.rcgu.o)
                0x0000e3f0                compiler_builtins::math::full_availability::fmax
 *fill*         0x0000e446        0xa 
 .text._RNvNtNtCsdkYp4iRiNWF_17compiler_builtins4math17full_availability4fmin
                0x0000e450       0x56 target/i386-unknown-none/release/libbootloader_bios.a(compiler_builtins-c07007cb7ae57f29.compiler_builtins.9b5bff7562c610fb-cgu.10.rcgu.o)
                0x0000e450                compiler_builtins::math::full_availability::fmin
 *fill*         0x0000e4a6        0xa 
 .text._RNvNtNtCsdkYp4iRiNWF_17compiler_builtins4math17full_availability4fmod
                0x0000e4b0       0x2b target/i386-unknown-none/release/libbootloader_bios.a(compiler_builtins-c07007cb7ae57f29.compiler_builtins.9b5bff7562c610fb-cgu.10.rcgu.o)
                0x0000e4b0                compiler_builtins::math::full_availability::fmod
 *fill*         0x0000e4db        0x5 
 .text._RNvNtNtCsdkYp4iRiNWF_17compiler_builtins4math17full_availability4rint
                0x0000e4e0       0xe7 target/i386-unknown-none/release/libbootloader_bios.a(compiler_builtins-c07007cb7ae57f29.compiler_builtins.9b5bff7562c610fb-cgu.10.rcgu.o)
                0x0000e4e0                compiler_builtins::math::full_availability::roundeven
                0x0000e4e0                compiler_builtins::math::full_availability::rint
 *fill*         0x0000e5c7        0x9 
 .text._RNvNtNtCsdkYp4iRiNWF_17compiler_builtins4math17full_availability4sqrt
                0x0000e5d0       0x25 target/i386-unknown-none/release/libbootloader_bios.a(compiler_builtins-c07007cb7ae57f29.compiler_builtins.9b5bff7562c610fb-cgu.10.rcgu.o)
                0x0000e5d0                compiler_builtins::math::full_availability::sqrt
 *fill*         0x0000e5f5        0xb 
 .text._RNvNtNtCsdkYp4iRiNWF_17compiler_builtins4math17full_availability5cbrtf
                0x0000e600      0x182 target/i386-unknown-none/release/libbootloader_bios.a(compiler_builtins-c07007cb7ae57f29.compiler_builtins.9b5bff7562c610fb-cgu.10.rcgu.o)
                0x0000e600                compiler_builtins::math::full_availability::cbrtf
 *fill*         0x0000e782        0xe 
 .text._RNvNtNtCsdkYp4iRiNWF_17compiler_builtins4math17full_availability5ceilf
                0x0000e790       0x51 target/i386-unknown-none/release/libbootloader_bios.a(compiler_builtins-c07007cb7ae57f29.compiler_builtins.9b5bff7562c610fb-cgu.10.rcgu.o)
                0x0000e790                compiler_builtins::math::full_availability::ceilf
 *fill*         0x0000e7e1        0xf 
 .text._RNvNtNtCsdkYp4iRiNWF_17compiler_builtins4math17full_availability5fmaxf
                0x0000e7f0       0x35 target/i386-unknown-none/release/libbootloader_bios.a(compiler_builtins-c07007cb7ae57f29.compiler_builtins.9b5bff7562c610fb-cgu.10.rcgu.o)
                0x0000e7f0                compiler_builtins::math::full_availability::fmaxf
 *fill*         0x0000e825        0xb 
 .text._RNvNtNtCsdkYp4iRiNWF_17compiler_builtins4math17full_availability5fminf
                0x0000e830       0x35 target/i386-unknown-none/release/libbootloader_bios.a(compiler_builtins-c07007cb7ae57f29.compiler_builtins.9b5bff7562c610fb-cgu.10.rcgu.o)
                0x0000e830                compiler_builtins::math::full_availability::fminf
 *fill*         0x0000e865        0xb 
 .text._RNvNtNtCsdkYp4iRiNWF_17compiler_builtins4math17full_availability5fmodf
                0x0000e870       0x11 target/i386-unknown-none/release/libbootloader_bios.a(compiler_builtins-c07007cb7ae57f29.compiler_builtins.9b5bff7562c610fb-cgu.10.rcgu.o)
                0x0000e870                compiler_builtins::math::full_availability::fmodf
 *fill*         0x0000e881        0xf 
 .text._RNvNtNtCsdkYp4iRiNWF_17compiler_builtins4math17full_availability5round
                0x0000e890       0x95 target/i386-unknown-none/release/libbootloader_bios.a(compiler_builtins-c07007cb7ae57f29.compiler_builtins.9b5bff7562c610fb-cgu.10.rcgu.o)
                0x0000e890                compiler_builtins::math::full_availability::round
 *fill*         0x0000e925        0xb 
 .text._RNvNtNtCsdkYp4iRiNWF_17compiler_builtins4math17full_availability5sqrtf
                0x0000e930        0xd target/i386-unknown-none/release/libbootloader_bios.a(compiler_builtins-c07007cb7ae57f29.compiler_builtins.9b5bff7562c610fb-cgu.10.rcgu.o)
                0x0000e930                compiler_builtins::math::full_availability::sqrtf
 *fill*         0x0000e93d        0x3 
 .text._RNvNtNtCsdkYp4iRiNWF_17compiler_builtins4math17full_availability5trunc
                0x0000e940       0x6f target/i386-unknown-none/release/libbootloader_bios.a(compiler_builtins-c07007cb7ae57f29.compiler_builtins.9b5bff7562c610fb-cgu.10.rcgu.o)
                0x0000e940                compiler_builtins::math::full_availability::trunc
 *fill*         0x0000e9af        0x1 
 .text._RNvNtNtCsdkYp4iRiNWF_17compiler_builtins4math17full_availability6floorf
                0x0000e9b0       0x62 target/i386-unknown-none/release/libbootloader_bios.a(compiler_builtins-c07007cb7ae57f29.compiler_builtins.9b5bff7562c610fb-cgu.10.rcgu.o)
                0x0000e9b0                compiler_builtins::math::full_availability::floorf
 *fill*         0x0000ea12        0xe 
 .text._RNvNtNtCsdkYp4iRiNWF_17compiler_builtins4math17full_availability6roundf
                0x0000ea20       0x4b target/i386-unknown-none/release/libbootloader_bios.a(compiler_builtins-c07007cb7ae57f29.compiler_builtins.9b5bff7562c610fb-cgu.10.rcgu.o)
                0x0000ea20                compiler_builtins::math::full_availability::roundf
 *fill*         0x0000ea6b        0x5 
 .text._RNvNtNtCsdkYp4iRiNWF_17compiler_builtins4math17full_availability6truncf
                0x0000ea70       0x45 target/i386-unknown-none/release/libbootloader_bios.a(compiler_builtins-c07007cb7ae57f29.compiler_builtins.9b5bff7562c610fb-cgu.10.rcgu.o)
                0x0000ea70                compiler_builtins::math::full_availability::truncf
 *fill*         0x0000eab5        0xb 
 .text._RNvNtNtCsdkYp4iRiNWF_17compiler_builtins4math17full_availability8copysign
                0x0000eac0       0x19 target/i386-unknown-none/release/libbootloader_bios.a(compiler_builtins-c07007cb7ae57f29.compiler_builtins.9b5bff7562c610fb-cgu.10.rcgu.o)
                0x0000eac0                compiler_builtins::math::full_availability::copysign
 *fill*         0x0000ead9        0x7 
 .text._RNvNtNtCsdkYp4iRiNWF_17compiler_builtins4math17full_availability8fmaximum
                0x0000eae0       0x5f target/i386-unknown-none/release/libbootloader_bios.a(compiler_builtins-c07007cb7ae57f29.compiler_builtins.9b5bff7562c610fb-cgu.10.rcgu.o)
                0x0000eae0                compiler_builtins::math::full_availability::fmaximum
 *fill*         0x0000eb3f        0x1 
 .text._RNvNtNtCsdkYp4iRiNWF_17compiler_builtins4math17full_availability8fminimum
                0x0000eb40       0x5f target/i386-unknown-none/release/libbootloader_bios.a(compiler_builtins-c07007cb7ae57f29.compiler_builtins.9b5bff7562c610fb-cgu.10.rcgu.o)
                0x0000eb40                compiler_builtins::math::full_availability::fminimum
 *fill*         0x0000eb9f        0x1 
 .text._RNvNtNtCsdkYp4iRiNWF_17compiler_builtins4math17full_availability9copysignf
                0x0000eba0       0x15 target/i386-unknown-none/release/libbootloader_bios.a(compiler_builtins-c07007cb7ae57f29.compiler_builtins.9b5bff7562c610fb-cgu.10.rcgu.o)
                0x0000eba0                compiler_builtins::math::full_availability::copysignf
 *fill*         0x0000ebb5        0xb 
 .text._RNvNtNtCsdkYp4iRiNWF_17compiler_builtins4math17full_availability9fmaximumf
                0x0000ebc0       0x4b target/i386-unknown-none/release/libbootloader_bios.a(compiler_builtins-c07007cb7ae57f29.compiler_builtins.9b5bff7562c610fb-cgu.10.rcgu.o)
                0x0000ebc0                compiler_builtins::math::full_availability::fmaximumf
 *fill*         0x0000ec0b        0x5 
 .text._RNvNtNtCsdkYp4iRiNWF_17compiler_builtins4math17full_availability9fminimumf
                0x0000ec10       0x4b target/i386-unknown-none/release/libbootloader_bios.a(compiler_builtins-c07007cb7ae57f29.compiler_builtins.9b5bff7562c610fb-cgu.10.rcgu.o)
                0x0000ec10                compiler_builtins::math::full_availability::fminimumf
 *fill*         0x0000ec5b        0x5 
 .text.__addtf3
                0x0000ec60       0x7d target/i386-unknown-none/release/libbootloader_bios.a(compiler_builtins-c07007cb7ae57f29.compiler_builtins.9b5bff7562c610fb-cgu.10.rcgu.o)
                0x0000ec60                __addtf3
 *fill*         0x0000ecdd        0x3 
 .text.__ctzdi2
                0x0000ece0       0x89 target/i386-unknown-none/release/libbootloader_bios.a(compiler_builtins-c07007cb7ae57f29.compiler_builtins.9b5bff7562c610fb-cgu.10.rcgu.o)
                0x0000ece0                __ctzdi2
 *fill*         0x0000ed69        0x7 
 .text.__divdf3
                0x0000ed70        0x5 target/i386-unknown-none/release/libbootloader_bios.a(compiler_builtins-c07007cb7ae57f29.compiler_builtins.9b5bff7562c610fb-cgu.10.rcgu.o)
                0x0000ed70                __divdf3
 *fill*         0x0000ed75        0xb 
 .text.__extendhfsf2
                0x0000ed80       0x7a target/i386-unknown-none/release/libbootloader_bios.a(compiler_builtins-c07007cb7ae57f29.compiler_builtins.9b5bff7562c610fb-cgu.10.rcgu.o)
                0x0000ed80                __extendhfsf2
 *fill*         0x0000edfa        0x6 
 .text.__extendsftf2
                0x0000ee00      0x120 target/i386-unknown-none/release/libbootloader_bios.a(compiler_builtins-c07007cb7ae57f29.compiler_builtins.9b5bff7562c610fb-cgu.10.rcgu.o)
                0x0000ee00                __extendsftf2
 .text.__fixsfsi
                0x0000ef20       0x51 target/i386-unknown-none/release/libbootloader_bios.a(compiler_builtins-c07007cb7ae57f29.compiler_builtins.9b5bff7562c610fb-cgu.10.rcgu.o)
                0x0000ef20                __fixsfsi
 *fill*         0x0000ef71        0xf 
 .text.__fixunsdfsi
                0x0000ef80       0x43 target/i386-unknown-none/release/libbootloader_bios.a(compiler_builtins-c07007cb7ae57f29.compiler_builtins.9b5bff7562c610fb-cgu.10.rcgu.o)
                0x0000ef80                __fixunsdfsi
 *fill*         0x0000efc3        0xd 
 .text.__floatunditf
                0x0000efd0       0xd5 target/i386-unknown-none/release/libbootloader_bios.a(compiler_builtins-c07007cb7ae57f29.compiler_builtins.9b5bff7562c610fb-cgu.10.rcgu.o)
                0x0000efd0                __floatunditf
 *fill*         0x0000f0a5        0xb 
 .text.__gesf2  0x0000f0b0       0x56 target/i386-unknown-none/release/libbootloader_bios.a(compiler_builtins-c07007cb7ae57f29.compiler_builtins.9b5bff7562c610fb-cgu.10.rcgu.o)
                0x0000f0b0                __gesf2
 *fill*         0x0000f106        0xa 
 .text.__gtdf2  0x0000f110       0x7f target/i386-unknown-none/release/libbootloader_bios.a(compiler_builtins-c07007cb7ae57f29.compiler_builtins.9b5bff7562c610fb-cgu.10.rcgu.o)
                0x0000f110                __gtdf2
 *fill*         0x0000f18f        0x1 
 .text.__mulsf3
                0x0000f190        0x5 target/i386-unknown-none/release/libbootloader_bios.a(compiler_builtins-c07007cb7ae57f29.compiler_builtins.9b5bff7562c610fb-cgu.10.rcgu.o)
                0x0000f190                __mulsf3
 *fill*         0x0000f195        0xb 
 .text.__nesf2  0x0000f1a0       0x5b target/i386-unknown-none/release/libbootloader_bios.a(compiler_builtins-c07007cb7ae57f29.compiler_builtins.9b5bff7562c610fb-cgu.10.rcgu.o)
                0x0000f1a0                __nesf2
 *fill*         0x0000f1fb        0x5 
 .text.__netf2  0x0000f200       0xea target/i386-unknown-none/release/libbootloader_bios.a(compiler_builtins-c07007cb7ae57f29.compiler_builtins.9b5bff7562c610fb-cgu.10.rcgu.o)
                0x0000f200                __netf2
 *fill*         0x0000f2ea        0x6 
 .text.__powitf2
                0x0000f2f0      0x1b7 target/i386-unknown-none/release/libbootloader_bios.a(compiler_builtins-c07007cb7ae57f29.compiler_builtins.9b5bff7562c610fb-cgu.10.rcgu.o)
                0x0000f2f0                __powitf2
 *fill*         0x0000f4a7        0x9 
 .text.__rust_u128_subo
                0x0000f4b0       0x93 target/i386-unknown-none/release/libbootloader_bios.a(compiler_builtins-c07007cb7ae57f29.compiler_builtins.9b5bff7562c610fb-cgu.10.rcgu.o)
                0x0000f4b0                __rust_u128_subo
 *fill*         0x0000f543        0xd 
 .text.__umodti3
                0x0000f550       0x7d target/i386-unknown-none/release/libbootloader_bios.a(compiler_builtins-c07007cb7ae57f29.compiler_builtins.9b5bff7562c610fb-cgu.10.rcgu.o)
                0x0000f550                __umodti3
 *fill*         0x0000f5cd        0x3 
 .text.__unordhf2
                0x0000f5d0       0x2c target/i386-unknown-none/release/libbootloader_bios.a(compiler_builtins-c07007cb7ae57f29.compiler_builtins.9b5bff7562c610fb-cgu.10.rcgu.o)
                0x0000f5d0                __unordhf2
 *fill*         0x0000f5fc        0x4 
 .text.ceilf16  0x0000f600       0x5a target/i386-unknown-none/release/libbootloader_bios.a(compiler_builtins-c07007cb7ae57f29.compiler_builtins.9b5bff7562c610fb-cgu.10.rcgu.o)
                0x0000f600                ceilf16
 *fill*         0x0000f65a        0x6 
 .text.fdim     0x0000f660       0x3d target/i386-unknown-none/release/libbootloader_bios.a(compiler_builtins-c07007cb7ae57f29.compiler_builtins.9b5bff7562c610fb-cgu.10.rcgu.o)
                0x0000f660                fdim
 *fill*         0x0000f69d        0x3 
 .text.floorf   0x0000f6a0       0x62 target/i386-unknown-none/release/libbootloader_bios.a(compiler_builtins-c07007cb7ae57f29.compiler_builtins.9b5bff7562c610fb-cgu.10.rcgu.o)
                0x0000f6a0                floorf
 *fill*         0x0000f702        0xe 
 .text.floorf16
                0x0000f710       0x72 target/i386-unknown-none/release/libbootloader_bios.a(compiler_builtins-c07007cb7ae57f29.compiler_builtins.9b5bff7562c610fb-cgu.10.rcgu.o)
                0x0000f710                floorf16
 *fill*         0x0000f782        0xe 
 .text.fmaximum_numf
                0x0000f790       0x5d target/i386-unknown-none/release/libbootloader_bios.a(compiler_builtins-c07007cb7ae57f29.compiler_builtins.9b5bff7562c610fb-cgu.10.rcgu.o)
                0x0000f790                fmaximum_numf
 *fill*         0x0000f7ed        0x3 
 .text.fmaximumf128
                0x0000f7f0       0xc0 target/i386-unknown-none/release/libbootloader_bios.a(compiler_builtins-c07007cb7ae57f29.compiler_builtins.9b5bff7562c610fb-cgu.10.rcgu.o)
                0x0000f7f0                fmaximumf128
 .text.roundevenf16
                0x0000f8b0       0xf9 target/i386-unknown-none/release/libbootloader_bios.a(compiler_builtins-c07007cb7ae57f29.compiler_builtins.9b5bff7562c610fb-cgu.10.rcgu.o)
                0x0000f8b0                roundevenf16
 *fill*         0x0000f9a9        0x7 
 .text.sqrtf16  0x0000f9b0      0x108 target/i386-unknown-none/release/libbootloader_bios.a(compiler_builtins-c07007cb7ae57f29.compiler_builtins.9b5bff7562c610fb-cgu.10.rcgu.o)
                0x0000f9b0                sqrtf16
 *fill*         0x0000fab8        0x8 
 .text.strlen   0x0000fac0       0x1e target/i386-unknown-none/release/libbootloader_bios.a(compiler_builtins-c07007cb7ae57f29.compiler_builtins.9b5bff7562c610fb-cgu.10.rcgu.o)
                0x0000fac0                strlen
 *fill*         0x0000fade        0x2 
 .text.truncf16
                0x0000fae0       0x32 target/i386-unknown-none/release/libbootloader_bios.a(compiler_builtins-c07007cb7ae57f29.compiler_builtins.9b5bff7562c610fb-cgu.10.rcgu.o)
                0x0000fae0                truncf16
 *fill*         0x0000fb12        0x2 
 .text          0x0000fb14        0x0 target/i386-unknown-none/release/libbootloader_bios.a(compiler_builtins-c07007cb7ae57f29.compiler_builtins.9b5bff7562c610fb-cgu.11.rcgu.o)
 .text._RNvCsd6alR32szd9_7___rustc17___rust_probestack
                0x0000fb14       0x31 target/i386-unknown-none/release/libbootloader_bios.a(compiler_builtins-c07007cb7ae57f29.compiler_builtins.9b5bff7562c610fb-cgu.11.rcgu.o)
                0x0000fb14                __rustc::__rust_probestack
 *fill*         0x0000fb45        0xb 
 .text._RINvNtNtCsdkYp4iRiNWF_17compiler_builtins5float6extend6extendC3f16C4f128EB6_
                0x0000fb50      0x132 target/i386-unknown-none/release/libbootloader_bios.a(compiler_builtins-c07007cb7ae57f29.compiler_builtins.9b5bff7562c610fb-cgu.11.rcgu.o)
                0x0000fb50                compiler_builtins::float::extend::extend::<f16, f128>
 *fill*         0x0000fc82        0xe 
 .text._RINvNtNtCsdkYp4iRiNWF_17compiler_builtins5float6extend6extendC3f16dEB6_
                0x0000fc90       0x9e target/i386-unknown-none/release/libbootloader_bios.a(compiler_builtins-c07007cb7ae57f29.compiler_builtins.9b5bff7562c610fb-cgu.11.rcgu.o)
                0x0000fc90                compiler_builtins::float::extend::extend::<f16, f64>
 *fill*         0x0000fd2e        0x2 
 .text._RINvNtNtCsdkYp4iRiNWF_17compiler_builtins5float6extend6extendC3f16fEB6_
                0x0000fd30       0x7a target/i386-unknown-none/release/libbootloader_bios.a(compiler_builtins-c07007cb7ae57f29.compiler_builtins.9b5bff7562c610fb-cgu.11.rcgu.o)
                0x0000fd30                compiler_builtins::float::extend::extend::<f16, f32>
 *fill*         0x0000fdaa        0x6 
 .text._RINvNtNtCsdkYp4iRiNWF_17compiler_builtins5float6extend6extenddC4f128EB6_
                0x0000fdb0      0x145 target/i386-unknown-none/release/libbootloader_bios.a(compiler_builtins-c07007cb7ae57f29.compiler_builtins.9b5bff7562c610fb-cgu.11.rcgu.o)
                0x0000fdb0                compiler_builtins::float::extend::extend::<f64, f128>
 *fill*         0x0000fef5        0xb 
 .text._RINvNtNtCsdkYp4iRiNWF_17compiler_builtins5float6extend6extendfC4f128EB6_
                0x0000ff00      0x120 target/i386-unknown-none/release/libbootloader_bios.a(compiler_builtins-c07007cb7ae57f29.compiler_builtins.9b5bff7562c610fb-cgu.11.rcgu.o)
                0x0000ff00                compiler_builtins::float::extend::extend::<f32, f128>
 .text._RINvNtNtNtCsdkYp4iRiNWF_17compiler_builtins3int14trailing_zeros14implementation14trailing_zerosmEB8_
                0x00010020       0x6e target/i386-unknown-none/release/libbootloader_bios.a(compiler_builtins-c07007cb7ae57f29.compiler_builtins.9b5bff7562c610fb-cgu.11.rcgu.o)
                0x00010020                compiler_builtins::int::trailing_zeros::implementation::trailing_zeros::<u32>
 *fill*         0x0001008e        0x2 
 .text._RINvNtNtNtCsdkYp4iRiNWF_17compiler_builtins3int14trailing_zeros14implementation14trailing_zerosyEB8_
                0x00010090       0x89 target/i386-unknown-none/release/libbootloader_bios.a(compiler_builtins-c07007cb7ae57f29.compiler_builtins.9b5bff7562c610fb-cgu.11.rcgu.o)
                0x00010090                compiler_builtins::int::trailing_zeros::implementation::trailing_zeros::<u64>
 *fill*         0x00010119        0x7 
 .text._RNvNtNtCsdkYp4iRiNWF_17compiler_builtins5float6extend13___extendsfdf2
                0x00010120       0x8a target/i386-unknown-none/release/libbootloader_bios.a(compiler_builtins-c07007cb7ae57f29.compiler_builtins.9b5bff7562c610fb-cgu.11.rcgu.o)
                0x00010120                compiler_builtins::float::extend::__extendsfdf2
 *fill*         0x000101aa        0x6 
 .text._RNvXNtNtNtNtCsdkYp4iRiNWF_17compiler_builtins4math9libm_math7support10int_traitsC4f128INtB2_8CastFromaE9cast_fromBa_
                0x000101b0       0x43 target/i386-unknown-none/release/libbootloader_bios.a(compiler_builtins-c07007cb7ae57f29.compiler_builtins.9b5bff7562c610fb-cgu.11.rcgu.o)
                0x000101b0                <f128 as compiler_builtins::math::libm_math::support::int_traits::CastFrom<i8>>::cast_from
 *fill*         0x000101f3        0xd 
 .text._RNvXNtNtNtNtCsdkYp4iRiNWF_17compiler_builtins4math9libm_math7support10int_traitsC4f128INtB2_8CastFromnE15cast_from_lossyBa_
                0x00010200       0x5f target/i386-unknown-none/release/libbootloader_bios.a(compiler_builtins-c07007cb7ae57f29.compiler_builtins.9b5bff7562c610fb-cgu.11.rcgu.o)
                0x00010200                <f128 as compiler_builtins::math::libm_math::support::int_traits::CastFrom<i128>>::cast_from_lossy
 *fill*         0x0001025f        0x1 
 .text._RNvXNtNtNtNtCsdkYp4iRiNWF_17compiler_builtins4math9libm_math7support10int_traitsdINtB2_8CastFromaE9cast_fromBa_
                0x00010260       0x1e target/i386-unknown-none/release/libbootloader_bios.a(compiler_builtins-c07007cb7ae57f29.compiler_builtins.9b5bff7562c610fb-cgu.11.rcgu.o)
                0x00010260                <f64 as compiler_builtins::math::libm_math::support::int_traits::CastFrom<i8>>::cast_from
 *fill*         0x0001027e        0x2 
 .text._RNvXNtNtNtNtCsdkYp4iRiNWF_17compiler_builtins4math9libm_math7support10int_traitsdINtB2_8CastFromxE15cast_from_lossyBa_
                0x00010280       0x20 target/i386-unknown-none/release/libbootloader_bios.a(compiler_builtins-c07007cb7ae57f29.compiler_builtins.9b5bff7562c610fb-cgu.11.rcgu.o)
                0x00010280                <f64 as compiler_builtins::math::libm_math::support::int_traits::CastFrom<i64>>::cast_from_lossy
 .text._RNvXNtNtNtNtCsdkYp4iRiNWF_17compiler_builtins4math9libm_math7support10int_traitsjINtB2_8CastFrommE9cast_fromBa_
                0x000102a0        0x5 target/i386-unknown-none/release/libbootloader_bios.a(compiler_builtins-c07007cb7ae57f29.compiler_builtins.9b5bff7562c610fb-cgu.11.rcgu.o)
                0x000102a0                <u32 as compiler_builtins::math::libm_math::support::int_traits::CastFrom<u32>>::cast_from
                0x000102a0                <usize as compiler_builtins::math::libm_math::support::int_traits::CastFrom<u32>>::cast_from
 *fill*         0x000102a5        0xb 
 .text._RNvXNtNtNtNtCsdkYp4iRiNWF_17compiler_builtins4math9libm_math7support10int_traitsjINtB2_8CastFromyE9cast_fromBa_
                0x000102b0        0x5 target/i386-unknown-none/release/libbootloader_bios.a(compiler_builtins-c07007cb7ae57f29.compiler_builtins.9b5bff7562c610fb-cgu.11.rcgu.o)
                0x000102b0                <u32 as compiler_builtins::math::libm_math::support::int_traits::CastFrom<u64>>::cast_from
                0x000102b0                <usize as compiler_builtins::math::libm_math::support::int_traits::CastFrom<u64>>::cast_from
 *fill*         0x000102b5        0xb 
 .text._RNvXNtNtNtNtCsdkYp4iRiNWF_17compiler_builtins4math9libm_math7support10int_traitsmINtB2_8CastFromlE15cast_from_lossyBa_
                0x000102c0        0x5 target/i386-unknown-none/release/libbootloader_bios.a(compiler_builtins-c07007cb7ae57f29.compiler_builtins.9b5bff7562c610fb-cgu.11.rcgu.o)
                0x000102c0                <u32 as compiler_builtins::math::libm_math::support::int_traits::CastFrom<i32>>::cast_from_lossy
 *fill*         0x000102c5        0xb 
 .text._RNvXNtNtNtNtCsdkYp4iRiNWF_17compiler_builtins4math9libm_math7support10int_traitsmINtB2_8CastFromnE15cast_from_lossyBa_
                0x000102d0       0x10 target/i386-unknown-none/release/libbootloader_bios.a(compiler_builtins-c07007cb7ae57f29.compiler_builtins.9b5bff7562c610fb-cgu.11.rcgu.o)
                0x000102d0                <u32 as compiler_builtins::math::libm_math::support::int_traits::CastFrom<i128>>::cast_from_lossy
 .text._RNvXNtNtNtNtCsdkYp4iRiNWF_17compiler_builtins4math9libm_math7support10int_traitsmINtB2_8CastFromoE9cast_fromBa_
                0x000102e0       0x10 target/i386-unknown-none/release/libbootloader_bios.a(compiler_builtins-c07007cb7ae57f29.compiler_builtins.9b5bff7562c610fb-cgu.11.rcgu.o)
                0x000102e0                <u32 as compiler_builtins::math::libm_math::support::int_traits::CastFrom<u128>>::cast_from
 .text._RNvXNtNtNtNtCsdkYp4iRiNWF_17compiler_builtins4math9libm_math7support10int_traitsmINtB2_8CastFromtE9cast_fromBa_
                0x000102f0        0x6 target/i386-unknown-none/release/libbootloader_bios.a(compiler_builtins-c07007cb7ae57f29.compiler_builtins.9b5bff7562c610fb-cgu.11.rcgu.o)
                0x000102f0                <u32 as compiler_builtins::math::libm_math::support::int_traits::CastFrom<u16>>::cast_from
 *fill*         0x000102f6        0xa 
 .text._RNvXNtNtNtNtCsdkYp4iRiNWF_17compiler_builtins4math9libm_math7support10int_traitsmINtB2_8CastFromxE15cast_from_lossyBa_
                0x00010300        0x5 target/i386-unknown-none/release/libbootloader_bios.a(compiler_builtins-c07007cb7ae57f29.compiler_builtins.9b5bff7562c610fb-cgu.11.rcgu.o)
                0x00010300                <u32 as compiler_builtins::math::libm_math::support::int_traits::CastFrom<i64>>::cast_from_lossy
 *fill*         0x00010305        0xb 
 .text._RNvXNtNtNtNtCsdkYp4iRiNWF_17compiler_builtins4math9libm_math7support10int_traitsoINtB2_8CastFromlE15cast_from_lossyBa_
                0x00010310       0x19 target/i386-unknown-none/release/libbootloader_bios.a(compiler_builtins-c07007cb7ae57f29.compiler_builtins.9b5bff7562c610fb-cgu.11.rcgu.o)
                0x00010310                <u128 as compiler_builtins::math::libm_math::support::int_traits::CastFrom<i32>>::cast_from_lossy
 *fill*         0x00010329        0x7 
 .text._RNvXNtNtNtNtCsdkYp4iRiNWF_17compiler_builtins4math9libm_math7support10int_traitsoINtB2_8CastFrommE9cast_fromBa_
                0x00010330       0x22 target/i386-unknown-none/release/libbootloader_bios.a(compiler_builtins-c07007cb7ae57f29.compiler_builtins.9b5bff7562c610fb-cgu.11.rcgu.o)
                0x00010330                <u128 as compiler_builtins::math::libm_math::support::int_traits::CastFrom<u32>>::cast_from
 *fill*         0x00010352        0xe 
 .text._RNvXNtNtNtNtCsdkYp4iRiNWF_17compiler_builtins4math9libm_math7support10int_traitsoINtB2_8CastFromnE15cast_from_lossyBa_
                0x00010360       0x2b target/i386-unknown-none/release/libbootloader_bios.a(compiler_builtins-c07007cb7ae57f29.compiler_builtins.9b5bff7562c610fb-cgu.11.rcgu.o)
                0x00010360                <u128 as compiler_builtins::math::libm_math::support::int_traits::CastFrom<i128>>::cast_from_lossy
 *fill*         0x0001038b        0x5 
 .text._RNvXNtNtNtNtCsdkYp4iRiNWF_17compiler_builtins4math9libm_math7support10int_traitsoINtB2_8CastFromxE15cast_from_lossyBa_
                0x00010390       0x1d target/i386-unknown-none/release/libbootloader_bios.a(compiler_builtins-c07007cb7ae57f29.compiler_builtins.9b5bff7562c610fb-cgu.11.rcgu.o)
                0x00010390                <u128 as compiler_builtins::math::libm_math::support::int_traits::CastFrom<i64>>::cast_from_lossy
 *fill*         0x000103ad        0x3 
 .text._RNvXNtNtNtNtCsdkYp4iRiNWF_17compiler_builtins4math9libm_math7support10int_traitstINtB2_8CastFrommE9cast_fromBa_
                0x000103b0        0x6 target/i386-unknown-none/release/libbootloader_bios.a(compiler_builtins-c07007cb7ae57f29.compiler_builtins.9b5bff7562c610fb-cgu.11.rcgu.o)
                0x000103b0                <u16 as compiler_builtins::math::libm_math::support::int_traits::CastFrom<u32>>::cast_from
 *fill*         0x000103b6        0xa 
 .text._RNvXNtNtNtNtCsdkYp4iRiNWF_17compiler_builtins4math9libm_math7support10int_traitstINtB2_8CastFromtE9cast_fromBa_
                0x000103c0        0x6 target/i386-unknown-none/release/libbootloader_bios.a(compiler_builtins-c07007cb7ae57f29.compiler_builtins.9b5bff7562c610fb-cgu.11.rcgu.o)
                0x000103c0                <u16 as compiler_builtins::math::libm_math::support::int_traits::CastFrom<u16>>::cast_from
 *fill*         0x000103c6        0xa 
 .text._RNvXNtNtNtNtCsdkYp4iRiNWF_17compiler_builtins4math9libm_math7support10int_traitsyINtB2_8CastFromlE15cast_from_lossyBa_
                0x000103d0        0xa target/i386-unknown-none/release/libbootloader_bios.a(compiler_builtins-c07007cb7ae57f29.compiler_builtins.9b5bff7562c610fb-cgu.11.rcgu.o)
                0x000103d0                <u64 as compiler_builtins::math::libm_math::support::int_traits::CastFrom<i32>>::cast_from_lossy
 *fill*         0x000103da        0x6 
 .text._RNvXNtNtNtNtCsdkYp4iRiNWF_17compiler_builtins4math9libm_math7support10int_traitsyINtB2_8CastFrommE9cast_fromBa_
                0x000103e0        0x7 target/i386-unknown-none/release/libbootloader_bios.a(compiler_builtins-c07007cb7ae57f29.compiler_builtins.9b5bff7562c610fb-cgu.11.rcgu.o)
                0x000103e0                <u64 as compiler_builtins::math::libm_math::support::int_traits::CastFrom<u32>>::cast_from
 *fill*         0x000103e7        0x9 
 .text._RNvXNtNtNtNtCsdkYp4iRiNWF_17compiler_builtins4math9libm_math7support10int_traitsyINtB2_8CastFromnE15cast_from_lossyBa_
                0x000103f0       0x13 target/i386-unknown-none/release/libbootloader_bios.a(compiler_builtins-c07007cb7ae57f29.compiler_builtins.9b5bff7562c610fb-cgu.11.rcgu.o)
                0x000103f0                <u64 as compiler_builtins::math::libm_math::support::int_traits::CastFrom<i128>>::cast_from_lossy
 *fill*         0x00010403        0xd 
 .text._RNvXNtNtNtNtCsdkYp4iRiNWF_17compiler_builtins4math9libm_math7support10int_traitsyINtB2_8CastFromxE15cast_from_lossyBa_
                0x00010410        0x9 target/i386-unknown-none/release/libbootloader_bios.a(compiler_builtins-c07007cb7ae57f29.compiler_builtins.9b5bff7562c610fb-cgu.11.rcgu.o)
                0x00010410                <u64 as compiler_builtins::math::libm_math::support::int_traits::CastFrom<i64>>::cast_from_lossy
 *fill*         0x00010419        0x7 
 .text.unlikely._RNvXs0_NtNtNtNtCsdkYp4iRiNWF_17compiler_builtins4math9libm_math7support10int_traitsjNtB5_3Int12unsigned_abs
                0x00010420        0x2 target/i386-unknown-none/release/libbootloader_bios.a(compiler_builtins-c07007cb7ae57f29.compiler_builtins.9b5bff7562c610fb-cgu.11.rcgu.o)
                0x00010420                <usize as compiler_builtins::math::libm_math::support::int_traits::Int>::abs
                0x00010420                <u32 as compiler_builtins::math::libm_math::support::int_traits::Int>::unsigned_abs
                0x00010420                <usize as compiler_builtins::math::libm_math::support::int_traits::Int>::unsigned_abs
                0x00010420                <u32 as compiler_builtins::math::libm_math::support::int_traits::Int>::abs
 *fill*         0x00010422        0xe 
 .text._RNvXs0_NtNtNtNtCsdkYp4iRiNWF_17compiler_builtins4math9libm_math7support10int_traitsjNtB5_3Int5ilog2
                0x00010430        0xe target/i386-unknown-none/release/libbootloader_bios.a(compiler_builtins-c07007cb7ae57f29.compiler_builtins.9b5bff7562c610fb-cgu.11.rcgu.o)
                0x00010430                <u32 as compiler_builtins::math::libm_math::support::int_traits::Int>::ilog2
                0x00010430                <usize as compiler_builtins::math::libm_math::support::int_traits::Int>::ilog2
 *fill*         0x0001043e        0x2 
 .text._RNvXs2_NtNtNtNtCsdkYp4iRiNWF_17compiler_builtins4math9libm_math7support10int_traitsiNtB5_3Int5ilog2
                0x00010440        0xe target/i386-unknown-none/release/libbootloader_bios.a(compiler_builtins-c07007cb7ae57f29.compiler_builtins.9b5bff7562c610fb-cgu.11.rcgu.o)
                0x00010440                <isize as compiler_builtins::math::libm_math::support::int_traits::Int>::ilog2
                0x00010440                <i32 as compiler_builtins::math::libm_math::support::int_traits::Int>::ilog2
 *fill*         0x0001044e        0x2 
 .text.unlikely._RNvXs4_NtNtNtNtCsdkYp4iRiNWF_17compiler_builtins4math9libm_math7support10int_traitshNtB5_3Int12unsigned_abs
                0x00010450        0x2 target/i386-unknown-none/release/libbootloader_bios.a(compiler_builtins-c07007cb7ae57f29.compiler_builtins.9b5bff7562c610fb-cgu.11.rcgu.o)
                0x00010450                <u8 as compiler_builtins::math::libm_math::support::int_traits::Int>::abs
                0x00010450                <u8 as compiler_builtins::math::libm_math::support::int_traits::Int>::unsigned_abs
 *fill*         0x00010452        0xe 
 .text._RNvXs4_NtNtNtNtCsdkYp4iRiNWF_17compiler_builtins4math9libm_math7support10int_traitshNtB5_3Int5ilog2
                0x00010460       0x12 target/i386-unknown-none/release/libbootloader_bios.a(compiler_builtins-c07007cb7ae57f29.compiler_builtins.9b5bff7562c610fb-cgu.11.rcgu.o)
                0x00010460                <u8 as compiler_builtins::math::libm_math::support::int_traits::Int>::ilog2
 *fill*         0x00010472        0xe 
 .text._RNvXs6_NtNtNtNtCsdkYp4iRiNWF_17compiler_builtins4math9libm_math7support10int_traitsaNtB5_3Int5ilog2
                0x00010480       0x12 target/i386-unknown-none/release/libbootloader_bios.a(compiler_builtins-c07007cb7ae57f29.compiler_builtins.9b5bff7562c610fb-cgu.11.rcgu.o)
                0x00010480                <i8 as compiler_builtins::math::libm_math::support::int_traits::Int>::ilog2
 *fill*         0x00010492        0xe 
 .text.unlikely._RNvXs8_NtNtNtNtCsdkYp4iRiNWF_17compiler_builtins4math9libm_math7support10int_traitstNtB5_3Int12unsigned_abs
                0x000104a0        0x2 target/i386-unknown-none/release/libbootloader_bios.a(compiler_builtins-c07007cb7ae57f29.compiler_builtins.9b5bff7562c610fb-cgu.11.rcgu.o)
                0x000104a0                <u16 as compiler_builtins::math::libm_math::support::int_traits::Int>::unsigned_abs
                0x000104a0                <u16 as compiler_builtins::math::libm_math::support::int_traits::Int>::abs
 *fill*         0x000104a2        0xe 
 .text._RNvXs8_NtNtNtNtCsdkYp4iRiNWF_17compiler_builtins4math9libm_math7support10int_traitstNtB5_3Int5ilog2
                0x000104b0       0x14 target/i386-unknown-none/release/libbootloader_bios.a(compiler_builtins-c07007cb7ae57f29.compiler_builtins.9b5bff7562c610fb-cgu.11.rcgu.o)
                0x000104b0                <u16 as compiler_builtins::math::libm_math::support::int_traits::Int>::ilog2
 *fill*         0x000104c4        0xc 
 .text._RNvXsa_NtNtNtNtCsdkYp4iRiNWF_17compiler_builtins4math9libm_math7support10int_traitssNtB5_3Int5ilog2
                0x000104d0       0x14 target/i386-unknown-none/release/libbootloader_bios.a(compiler_builtins-c07007cb7ae57f29.compiler_builtins.9b5bff7562c610fb-cgu.11.rcgu.o)
                0x000104d0                <i16 as compiler_builtins::math::libm_math::support::int_traits::Int>::ilog2
 *fill*         0x000104e4        0xc 
 .text.unlikely._RNvXsg_NtNtNtNtCsdkYp4iRiNWF_17compiler_builtins4math9libm_math7support10int_traitsyNtB5_3Int12unsigned_abs
                0x000104f0        0x2 target/i386-unknown-none/release/libbootloader_bios.a(compiler_builtins-c07007cb7ae57f29.compiler_builtins.9b5bff7562c610fb-cgu.11.rcgu.o)
                0x000104f0                <u64 as compiler_builtins::math::libm_math::support::int_traits::Int>::unsigned_abs
                0x000104f0                <u64 as compiler_builtins::math::libm_math::support::int_traits::Int>::abs
 *fill*         0x000104f2        0xe 
 .text._RNvXsg_NtNtNtNtCsdkYp4iRiNWF_17compiler_builtins4math9libm_math7support10int_traitsyNtB5_3Int5ilog2
                0x00010500       0x2b target/i386-unknown-none/release/libbootloader_bios.a(compiler_builtins-c07007cb7ae57f29.compiler_builtins.9b5bff7562c610fb-cgu.11.rcgu.o)
                0x00010500                <u64 as compiler_builtins::math::libm_math::support::int_traits::Int>::ilog2
 *fill*         0x0001052b        0x5 
 .text._RNvXsi_NtNtNtNtCsdkYp4iRiNWF_17compiler_builtins4math9libm_math7support10int_traitsxNtB5_3Int5ilog2
                0x00010530       0x2f target/i386-unknown-none/release/libbootloader_bios.a(compiler_builtins-c07007cb7ae57f29.compiler_builtins.9b5bff7562c610fb-cgu.11.rcgu.o)
                0x00010530                <i64 as compiler_builtins::math::libm_math::support::int_traits::Int>::ilog2
 *fill*         0x0001055f        0x1 
 .text.unlikely._RNvXsk_NtNtNtNtCsdkYp4iRiNWF_17compiler_builtins4math9libm_math7support10int_traitsoNtB5_3Int12unsigned_abs
                0x00010560        0xb target/i386-unknown-none/release/libbootloader_bios.a(compiler_builtins-c07007cb7ae57f29.compiler_builtins.9b5bff7562c610fb-cgu.11.rcgu.o)
                0x00010560                <u128 as compiler_builtins::math::libm_math::support::int_traits::Int>::unsigned_abs
                0x00010560                <u128 as compiler_builtins::math::libm_math::support::int_traits::Int>::abs
 *fill*         0x0001056b        0x5 
 .text._RNvXsk_NtNtNtNtCsdkYp4iRiNWF_17compiler_builtins4math9libm_math7support10int_traitsoNtB5_3Int5ilog2
                0x00010570       0x6a target/i386-unknown-none/release/libbootloader_bios.a(compiler_builtins-c07007cb7ae57f29.compiler_builtins.9b5bff7562c610fb-cgu.11.rcgu.o)
                0x00010570                <u128 as compiler_builtins::math::libm_math::support::int_traits::Int>::ilog2
 *fill*         0x000105da        0x6 
 .text._RNvXsm_NtNtNtNtCsdkYp4iRiNWF_17compiler_builtins4math9libm_math7support10int_traitsnNtB5_3Int5ilog2
                0x000105e0       0x6d target/i386-unknown-none/release/libbootloader_bios.a(compiler_builtins-c07007cb7ae57f29.compiler_builtins.9b5bff7562c610fb-cgu.11.rcgu.o)
                0x000105e0                <i128 as compiler_builtins::math::libm_math::support::int_traits::Int>::ilog2
 *fill*         0x0001064d        0x3 
 .text._RNvYoNtNtNtNtNtCsdkYp4iRiNWF_17compiler_builtins4math9libm_math7support10int_traits4DInt10from_lo_hiBd_
                0x00010650       0x26 target/i386-unknown-none/release/libbootloader_bios.a(compiler_builtins-c07007cb7ae57f29.compiler_builtins.9b5bff7562c610fb-cgu.11.rcgu.o)
                0x00010650                <u128 as compiler_builtins::math::libm_math::support::int_traits::DInt>::from_lo_hi
 *fill*         0x00010676        0xa 
 .text._RNvYoNtNtNtNtNtCsdkYp4iRiNWF_17compiler_builtins4math9libm_math7support10int_traits4DInt5lo_hiBd_
                0x00010680       0x2b target/i386-unknown-none/release/libbootloader_bios.a(compiler_builtins-c07007cb7ae57f29.compiler_builtins.9b5bff7562c610fb-cgu.11.rcgu.o)
                0x00010680                <u128 as compiler_builtins::math::libm_math::support::int_traits::DInt>::lo_hi
 *fill*         0x000106ab        0x5 
 .text._RNvYyNtNtNtNtNtCsdkYp4iRiNWF_17compiler_builtins4math9libm_math7support10int_traits4DInt10from_lo_hiBd_
                0x000106b0        0x9 target/i386-unknown-none/release/libbootloader_bios.a(compiler_builtins-c07007cb7ae57f29.compiler_builtins.9b5bff7562c610fb-cgu.11.rcgu.o)
                0x000106b0                <u64 as compiler_builtins::math::libm_math::support::int_traits::DInt>::from_lo_hi
 *fill*         0x000106b9        0x7 
 .text._RNvYyNtNtNtNtNtCsdkYp4iRiNWF_17compiler_builtins4math9libm_math7support10int_traits4DInt5lo_hiBd_
                0x000106c0        0x9 target/i386-unknown-none/release/libbootloader_bios.a(compiler_builtins-c07007cb7ae57f29.compiler_builtins.9b5bff7562c610fb-cgu.11.rcgu.o)
                0x000106c0                <u64 as compiler_builtins::math::libm_math::support::int_traits::DInt>::lo_hi
 *fill*         0x000106c9        0x7 
 .text.__ctzsi2
                0x000106d0       0x6e target/i386-unknown-none/release/libbootloader_bios.a(compiler_builtins-c07007cb7ae57f29.compiler_builtins.9b5bff7562c610fb-cgu.11.rcgu.o)
                0x000106d0                __ctzsi2
 *fill*         0x0001073e        0x2 
 .text.__divsf3
                0x00010740        0x5 target/i386-unknown-none/release/libbootloader_bios.a(compiler_builtins-c07007cb7ae57f29.compiler_builtins.9b5bff7562c610fb-cgu.11.rcgu.o)
                0x00010740                __divsf3
 *fill*         0x00010745        0xb 
 .text.__divsi3
                0x00010750       0xe0 target/i386-unknown-none/release/libbootloader_bios.a(compiler_builtins-c07007cb7ae57f29.compiler_builtins.9b5bff7562c610fb-cgu.11.rcgu.o)
                0x00010750                __divsi3
 .text.__fixdfsi
                0x00010830       0x65 target/i386-unknown-none/release/libbootloader_bios.a(compiler_builtins-c07007cb7ae57f29.compiler_builtins.9b5bff7562c610fb-cgu.11.rcgu.o)
                0x00010830                __fixdfsi
 *fill*         0x00010895        0xb 
 .text.__fixunssfsi
                0x000108a0       0x35 target/i386-unknown-none/release/libbootloader_bios.a(compiler_builtins-c07007cb7ae57f29.compiler_builtins.9b5bff7562c610fb-cgu.11.rcgu.o)
                0x000108a0                __fixunssfsi
 *fill*         0x000108d5        0xb 
 .text.__floattidf
                0x000108e0      0x157 target/i386-unknown-none/release/libbootloader_bios.a(compiler_builtins-c07007cb7ae57f29.compiler_builtins.9b5bff7562c610fb-cgu.11.rcgu.o)
                0x000108e0                __floattidf
 *fill*         0x00010a37        0x9 
 .text.__floatunsidf
                0x00010a40       0x3d target/i386-unknown-none/release/libbootloader_bios.a(compiler_builtins-c07007cb7ae57f29.compiler_builtins.9b5bff7562c610fb-cgu.11.rcgu.o)
                0x00010a40                __floatunsidf
 *fill*         0x00010a7d        0x3 
 .text.__gedf2  0x00010a80       0x7f target/i386-unknown-none/release/libbootloader_bios.a(compiler_builtins-c07007cb7ae57f29.compiler_builtins.9b5bff7562c610fb-cgu.11.rcgu.o)
                0x00010a80                __gedf2
 *fill*         0x00010aff        0x1 
 .text.__gnu_f2h_ieee
                0x00010b00       0xde target/i386-unknown-none/release/libbootloader_bios.a(compiler_builtins-c07007cb7ae57f29.compiler_builtins.9b5bff7562c610fb-cgu.11.rcgu.o)
                0x00010b00                __gnu_f2h_ieee
 *fill*         0x00010bde        0x2 
 .text..Lanon.c680898c3f02668eebe1339dd1e9f41d.0
                0x00010be0       0xea target/i386-unknown-none/release/libbootloader_bios.a(compiler_builtins-c07007cb7ae57f29.compiler_builtins.9b5bff7562c610fb-cgu.11.rcgu.o)
                0x00010be0                __letf2
                0x00010be0                __lttf2
 *fill*         0x00010cca        0x6 
 .text.__ltdf2  0x00010cd0       0x8a target/i386-unknown-none/release/libbootloader_bios.a(compiler_builtins-c07007cb7ae57f29.compiler_builtins.9b5bff7562c610fb-cgu.11.rcgu.o)
                0x00010cd0                __ltdf2
 *fill*         0x00010d5a        0x6 
 .text.__muloti4
                0x00010d60      0x4eb target/i386-unknown-none/release/libbootloader_bios.a(compiler_builtins-c07007cb7ae57f29.compiler_builtins.9b5bff7562c610fb-cgu.11.rcgu.o)
                0x00010d60                __muloti4
 *fill*         0x0001124b        0x5 
 .text.__truncdfsf2
                0x00011250      0x10c target/i386-unknown-none/release/libbootloader_bios.a(compiler_builtins-c07007cb7ae57f29.compiler_builtins.9b5bff7562c610fb-cgu.11.rcgu.o)
                0x00011250                __truncdfsf2
 *fill*         0x0001135c        0x4 
 .text.__trunctfdf2
                0x00011360      0x22e target/i386-unknown-none/release/libbootloader_bios.a(compiler_builtins-c07007cb7ae57f29.compiler_builtins.9b5bff7562c610fb-cgu.11.rcgu.o)
                0x00011360                __trunctfdf2
 *fill*         0x0001158e        0x2 
 .text.__unorddf2
                0x00011590       0x3c target/i386-unknown-none/release/libbootloader_bios.a(compiler_builtins-c07007cb7ae57f29.compiler_builtins.9b5bff7562c610fb-cgu.11.rcgu.o)
                0x00011590                __unorddf2
 *fill*         0x000115cc        0x4 
 .text.ceilf    0x000115d0       0x51 target/i386-unknown-none/release/libbootloader_bios.a(compiler_builtins-c07007cb7ae57f29.compiler_builtins.9b5bff7562c610fb-cgu.11.rcgu.o)
                0x000115d0                ceilf
 *fill*         0x00011621        0xf 
 .text.fdimf16  0x00011630       0x4c target/i386-unknown-none/release/libbootloader_bios.a(compiler_builtins-c07007cb7ae57f29.compiler_builtins.9b5bff7562c610fb-cgu.11.rcgu.o)
                0x00011630                fdimf16
 *fill*         0x0001167c        0x4 
 .text.fmaxf    0x00011680       0x35 target/i386-unknown-none/release/libbootloader_bios.a(compiler_builtins-c07007cb7ae57f29.compiler_builtins.9b5bff7562c610fb-cgu.11.rcgu.o)
                0x00011680                fmaxf
 *fill*         0x000116b5        0xb 
 .text.fmaxf16  0x000116c0       0x4d target/i386-unknown-none/release/libbootloader_bios.a(compiler_builtins-c07007cb7ae57f29.compiler_builtins.9b5bff7562c610fb-cgu.11.rcgu.o)
                0x000116c0                fmaxf16
 *fill*         0x0001170d        0x3 
 .text.fmaximum_numf16
                0x00011710       0xa2 target/i386-unknown-none/release/libbootloader_bios.a(compiler_builtins-c07007cb7ae57f29.compiler_builtins.9b5bff7562c610fb-cgu.11.rcgu.o)
                0x00011710                fmaximum_numf16
 *fill*         0x000117b2        0xe 
 .text.fminimum
                0x000117c0       0x5f target/i386-unknown-none/release/libbootloader_bios.a(compiler_builtins-c07007cb7ae57f29.compiler_builtins.9b5bff7562c610fb-cgu.11.rcgu.o)
                0x000117c0                fminimum
 *fill*         0x0001181f        0x1 
 .text.fmodf    0x00011820       0x11 target/i386-unknown-none/release/libbootloader_bios.a(compiler_builtins-c07007cb7ae57f29.compiler_builtins.9b5bff7562c610fb-cgu.11.rcgu.o)
                0x00011820                fmodf
 *fill*         0x00011831        0xf 
 .text.memmove  0x00011840        0x5 target/i386-unknown-none/release/libbootloader_bios.a(compiler_builtins-c07007cb7ae57f29.compiler_builtins.9b5bff7562c610fb-cgu.11.rcgu.o)
                0x00011840                memmove
 *fill*         0x00011845        0xb 
 .text.truncf   0x00011850       0x45 target/i386-unknown-none/release/libbootloader_bios.a(compiler_builtins-c07007cb7ae57f29.compiler_builtins.9b5bff7562c610fb-cgu.11.rcgu.o)
                0x00011850                truncf
 *fill*         0x00011895        0x3 
 .text          0x00011898        0x0 target/i386-unknown-none/release/libbootloader_bios.a(compiler_builtins-c07007cb7ae57f29.compiler_builtins.9b5bff7562c610fb-cgu.12.rcgu.o)
 *fill*         0x00011898        0x8 
 .text._RINvNtNtNtNtNtCsdkYp4iRiNWF_17compiler_builtins4math9libm_math7support10int_traits13narrowing_div23div_three_digits_by_twoyEBc_.llvm.8021944126751231593
                0x000118a0      0x530 target/i386-unknown-none/release/libbootloader_bios.a(compiler_builtins-c07007cb7ae57f29.compiler_builtins.9b5bff7562c610fb-cgu.12.rcgu.o)